Component: ARM Compiler 6.7 Tool: armlink [5c9ef700]

==============================================================================

Section Cross References

    startup_stm32f407xx.o(STACK) refers (Special) to heapauxi.o(.text) for __use_two_region_memory
    startup_stm32f407xx.o(HEAP) refers (Special) to heapauxi.o(.text) for __use_two_region_memory
    startup_stm32f407xx.o(RESET) refers (Special) to heapauxi.o(.text) for __use_two_region_memory
    startup_stm32f407xx.o(RESET) refers to startup_stm32f407xx.o(STACK) for __initial_sp
    startup_stm32f407xx.o(RESET) refers to startup_stm32f407xx.o(.text) for Reset_Handler
    startup_stm32f407xx.o(RESET) refers to stm32f4xx_it.o(.text.NMI_Handler) for NMI_Handler
    startup_stm32f407xx.o(RESET) refers to stm32f4xx_it.o(.text.HardFault_Handler) for HardFault_Handler
    startup_stm32f407xx.o(RESET) refers to stm32f4xx_it.o(.text.MemManage_Handler) for MemManage_Handler
    startup_stm32f407xx.o(RESET) refers to stm32f4xx_it.o(.text.BusFault_Handler) for BusFault_Handler
    startup_stm32f407xx.o(RESET) refers to stm32f4xx_it.o(.text.UsageFault_Handler) for UsageFault_Handler
    startup_stm32f407xx.o(RESET) refers to stm32f4xx_it.o(.text.SVC_Handler) for SVC_Handler
    startup_stm32f407xx.o(RESET) refers to stm32f4xx_it.o(.text.DebugMon_Handler) for DebugMon_Handler
    startup_stm32f407xx.o(RESET) refers to stm32f4xx_it.o(.text.PendSV_Handler) for PendSV_Handler
    startup_stm32f407xx.o(RESET) refers to stm32f4xx_it.o(.text.SysTick_Handler) for SysTick_Handler
    startup_stm32f407xx.o(RESET) refers to stm32f4xx_it.o(.text.USART1_IRQHandler) for USART1_IRQHandler
    startup_stm32f407xx.o(RESET) refers to stm32f4xx_it.o(.text.TIM6_DAC_IRQHandler) for TIM6_DAC_IRQHandler
    startup_stm32f407xx.o(RESET) refers to stm32f4xx_it.o(.text.DMA2_Stream2_IRQHandler) for DMA2_Stream2_IRQHandler
    startup_stm32f407xx.o(.text) refers (Special) to heapauxi.o(.text) for __use_two_region_memory
    startup_stm32f407xx.o(.text) refers to system_stm32f4xx.o(.text.SystemInit) for SystemInit
    startup_stm32f407xx.o(.text) refers to __main.o(!!!main) for __main
    startup_stm32f407xx.o(.text) refers to startup_stm32f407xx.o(HEAP) for Heap_Mem
    startup_stm32f407xx.o(.text) refers to startup_stm32f407xx.o(STACK) for Stack_Mem
    main.o(.ARM.exidx.text.EnableFPU) refers to main.o(.text.EnableFPU) for [Anonymous Symbol]
    main.o(.text.pack_callback) refers to main.o(.bss.uartinstance) for uartinstance
    main.o(.text.pack_callback) refers to main.o(.bss.coord) for coord
    main.o(.text.pack_callback) refers to main.o(.bss.Suck_Flag) for Suck_Flag
    main.o(.ARM.exidx.text.pack_callback) refers to main.o(.text.pack_callback) for [Anonymous Symbol]
    main.o(.text.main) refers to stm32f4xx_hal.o(.text.HAL_Init) for HAL_Init
    main.o(.text.main) refers to main.o(.text.SystemClock_Config) for SystemClock_Config
    main.o(.text.main) refers to gpio.o(.text.MX_GPIO_Init) for MX_GPIO_Init
    main.o(.text.main) refers to dma.o(.text.MX_DMA_Init) for MX_DMA_Init
    main.o(.text.main) refers to tim.o(.text.MX_TIM5_Init) for MX_TIM5_Init
    main.o(.text.main) refers to usart.o(.text.MX_USART1_UART_Init) for MX_USART1_UART_Init
    main.o(.text.main) refers to servo.o(.text.Servo_Init) for Servo_Init
    main.o(.text.main) refers to tim.o(.bss.htim5) for htim5
    main.o(.text.main) refers to servo.o(.text.Servo_Config) for Servo_Config
    main.o(.text.main) refers to main.o(.bss.coord) for coord
    main.o(.text.main) refers to usart.o(.bss.huart1) for huart1
    main.o(.text.main) refers to main.o(.text.pack_callback) for pack_callback
    main.o(.text.main) refers to main.o(.bss.uartinstance) for uartinstance
    main.o(.text.main) refers to bsp_usart.o(.text.USARTRegister) for USARTRegister
    main.o(.text.main) refers to main.o(.bss.theta) for theta
    main.o(.text.main) refers to main.o(.bss.Suck_Flag) for Suck_Flag
    main.o(.text.main) refers to servo.o(.text.Servo_SetAngle) for Servo_SetAngle
    main.o(.text.main) refers to stm32f4xx_hal.o(.text.HAL_Delay) for HAL_Delay
    main.o(.text.main) refers to kinematic_solution.o(.text.acclulate) for acclulate
    main.o(.ARM.exidx.text.main) refers to main.o(.text.main) for [Anonymous Symbol]
    main.o(.text.SystemClock_Config) refers to stm32f4xx_hal_rcc.o(.text.HAL_RCC_OscConfig) for HAL_RCC_OscConfig
    main.o(.text.SystemClock_Config) refers to stm32f4xx_hal_rcc.o(.text.HAL_RCC_ClockConfig) for HAL_RCC_ClockConfig
    main.o(.text.SystemClock_Config) refers to main.o(.text.Error_Handler) for Error_Handler
    main.o(.ARM.exidx.text.SystemClock_Config) refers to main.o(.text.SystemClock_Config) for [Anonymous Symbol]
    main.o(.ARM.exidx.text.Error_Handler) refers to main.o(.text.Error_Handler) for [Anonymous Symbol]
    main.o(.text.HAL_TIM_PeriodElapsedCallback) refers to stm32f4xx_hal.o(.text.HAL_IncTick) for HAL_IncTick
[...]
    .ARM.Collect$$libinit$$00000013          0x08000202   Section        0  libinit2.o(.ARM.Collect$$libinit$$00000013)
    .ARM.Collect$$libinit$$00000015          0x08000202   Section        0  libinit2.o(.ARM.Collect$$libinit$$00000015)
    .ARM.Collect$$libinit$$00000017          0x08000202   Section        0  libinit2.o(.ARM.Collect$$libinit$$00000017)
    .ARM.Collect$$libinit$$00000019          0x08000202   Section        0  libinit2.o(.ARM.Collect$$libinit$$00000019)
    .ARM.Collect$$libinit$$0000001B          0x08000202   Section        0  libinit2.o(.ARM.Collect$$libinit$$0000001B)
    .ARM.Collect$$libinit$$0000001D          0x08000202   Section        0  libinit2.o(.ARM.Collect$$libinit$$0000001D)
    .ARM.Collect$$libinit$$0000001F          0x08000202   Section        0  libinit2.o(.ARM.Collect$$libinit$$0000001F)
    .ARM.Collect$$libinit$$00000021          0x08000202   Section        0  libinit2.o(.ARM.Collect$$libinit$$00000021)
    .ARM.Collect$$libinit$$00000023          0x08000202   Section        0  libinit2.o(.ARM.Collect$$libinit$$00000023)
    .ARM.Collect$$libinit$$00000025          0x08000202   Section        0  libinit2.o(.ARM.Collect$$libinit$$00000025)
    .ARM.Collect$$libinit$$0000002C          0x08000202   Section        0  libinit2.o(.ARM.Collect$$libinit$$0000002C)
    .ARM.Collect$$libinit$$0000002E          0x08000202   Section        0  libinit2.o(.ARM.Collect$$libinit$$0000002E)
    .ARM.Collect$$libinit$$00000030          0x08000202   Section        0  libinit2.o(.ARM.Collect$$libinit$$00000030)
    .ARM.Collect$$libinit$$00000032          0x08000202   Section        0  libinit2.o(.ARM.Collect$$libinit$$00000032)
    .ARM.Collect$$libinit$$00000033          0x08000202   Section        2  libinit2.o(.ARM.Collect$$libinit$$00000033)
    .ARM.Collect$$libshutdown$$00000000      0x08000204   Section        2  libshutdown.o(.ARM.Collect$$libshutdown$$00000000)
    .ARM.Collect$$libshutdown$$00000002      0x08000206   Section        0  libshutdown2.o(.ARM.Collect$$libshutdown$$00000002)
    .ARM.Collect$$libshutdown$$00000004      0x08000206   Section        0  libshutdown2.o(.ARM.Collect$$libshutdown$$00000004)
    .ARM.Collect$$libshutdown$$00000007      0x08000206   Section        0  libshutdown2.o(.ARM.Collect$$libshutdown$$00000007)
    .ARM.Collect$$libshutdown$$0000000A      0x08000206   Section        0  libshutdown2.o(.ARM.Collect$$libshutdown$$0000000A)
    .ARM.Collect$$libshutdown$$0000000C      0x08000206   Section        0  libshutdown2.o(.ARM.Collect$$libshutdown$$0000000C)
    .ARM.Collect$$libshutdown$$0000000F      0x08000206   Section        0  libshutdown2.o(.ARM.Collect$$libshutdown$$0000000F)
    .ARM.Collect$$libshutdown$$00000010      0x08000206   Section        2  libshutdown2.o(.ARM.Collect$$libshutdown$$00000010)
    .ARM.Collect$$rtentry$$00000000          0x08000208   Section        0  __rtentry.o(.ARM.Collect$$rtentry$$00000000)
    .ARM.Collect$$rtentry$$00000002          0x08000208   Section        0  __rtentry2.o(.ARM.Collect$$rtentry$$00000002)
    .ARM.Collect$$rtentry$$00000004          0x08000208   Section        6  __rtentry4.o(.ARM.Collect$$rtentry$$00000004)
    .ARM.Collect$$rtentry$$00000009          0x0800020e   Section        0  __rtentry2.o(.ARM.Collect$$rtentry$$00000009)
    .ARM.Collect$$rtentry$$0000000A          0x0800020e   Section        4  __rtentry2.o(.ARM.Collect$$rtentry$$0000000A)
    .ARM.Collect$$rtentry$$0000000C          0x08000212   Section        0  __rtentry2.o(.ARM.Collect$$rtentry$$0000000C)
    .ARM.Collect$$rtentry$$0000000D          0x08000212   Section        8  __rtentry2.o(.ARM.Collect$$rtentry$$0000000D)
    .ARM.Collect$$rtexit$$00000000           0x0800021a   Section        2  rtexit.o(.ARM.Collect$$rtexit$$00000000)
    .ARM.Collect$$rtexit$$00000002           0x0800021c   Section        0  rtexit2.o(.ARM.Collect$$rtexit$$00000002)
    .ARM.Collect$$rtexit$$00000003           0x0800021c   Section        4  rtexit2.o(.ARM.Collect$$rtexit$$00000003)
    .ARM.Collect$$rtexit$$00000004           0x08000220   Section        6  rtexit2.o(.ARM.Collect$$rtexit$$00000004)
    .text                                    0x08000228   Section       64  startup_stm32f407xx.o(.text)
    $v0                                      0x08000228   Number         0  startup_stm32f407xx.o(.text)
    .text                                    0x08000268   Section      238  lludivv7m.o(.text)
    .text                                    0x08000356   Section      100  rt_memcpy_w.o(.text)
    .text                                    0x080003ba   Section       78  rt_memclr_w.o(.text)
    .text                                    0x08000408   Section        0  heapauxi.o(.text)
    .text                                    0x0800040e   Section        0  _rserrno.o(.text)
    .text                                    0x08000424   Section        8  rt_errno_addr_intlibspace.o(.text)
    .text                                    0x0800042c   Section        8  libspace.o(.text)
    .text                                    0x08000434   Section       74  sys_stackheap_outer.o(.text)
    .text                                    0x0800047e   Section        0  exit.o(.text)
    .text                                    0x08000490   Section        0  sys_exit.o(.text)
    .text                                    0x0800049c   Section        2  use_no_semi.o(.text)
    .text                                    0x0800049e   Section        0  indicate_semi.o(.text)
    [Anonymous Symbol]                       0x080004a0   Section        0  stm32f4xx_it.o(.text.BusFault_Handler)
    [Anonymous Symbol]                       0x080004a4   Section        0  stm32f4xx_it.o(.text.DMA2_Stream2_IRQHandler)
    [Anonymous Symbol]                       0x080004b0   Section        0  stm32f4xx_hal_dma.o(.text.DMA_CalcBaseAndBitshift)
    DMA_CalcBaseAndBitshift                  0x080004b1   Thumb Code    64  stm32f4xx_hal_dma.o(.text.DMA_CalcBaseAndBitshift)
    DMA_CalcBaseAndBitshift.flagBitshiftOffset 0x080004e8   Number         0  stm32f4xx_hal_dma.o(.text.DMA_CalcBaseAndBitshift)
    [Anonymous Symbol]                       0x080004f0   Section        0  stm32f4xx_hal_dma.o(.text.DMA_CheckFifoParam)
    DMA_CheckFifoParam                       0x080004f1   Thumb Code    82  stm32f4xx_hal_dma.o(.text.DMA_CheckFifoParam)
    [Anonymous Symbol]                       0x08000544   Section        0  stm32f4xx_hal_dma.o(.text.DMA_SetConfig)
    DMA_SetConfig                            0x08000545   Thumb Code    54  stm32f4xx_hal_dma.o(.text.DMA_SetConfig)
    [Anonymous Symbol]                       0x0800057c   Section        0  stm32f4xx_it.o(.text.DebugMon_Handler)
    [Anonymous Symbol]                       0x08000580   Section        0  main.o(.text.Error_Handler)
    [Anonymous Symbol]                       0x08000588   Section        0  stm32f4xx_hal_dma.o(.text.HAL_DMA_Abort)
    [Anonymous Symbol]                       0x08000610   Section        0  stm32f4xx_hal_dma.o(.text.HAL_DMA_Abort_IT)
    [Anonymous Symbol]                       0x08000638   Section        0  stm32f4xx_hal_dma.o(.text.HAL_DMA_IRQHandler)
    [Anonymous Symbol]                       0x08000800   Section        0  stm32f4xx_hal_dma.o(.text.HAL_DMA_Init)
    [Anonymous Symbol]                       0x080008e4   Section        0  stm32f4xx_hal_dma.o(.text.HAL_DMA_Start_IT)
    [Anonymous Symbol]                       0x08000954   Section        0  stm32f4xx_hal.o(.text.HAL_Delay)
    [Anonymous Symbol]                       0x08000980   Section        0  stm32f4xx_hal_gpio.o(.text.HAL_GPIO_Init)
    [Anonymous Symbol]                       0x08000b3c   Section        0  stm32f4xx_hal.o(.text.HAL_GetTick)
    [Anonymous Symbol]                       0x08000b48   Section        0  stm32f4xx_hal.o(.text.HAL_IncTick)
    [Anonymous Symbol]                       0x08000b64   Section        0  stm32f4xx_hal.o(.text.HAL_Init)
    [Anonymous Symbol]                       0x08000b9c   Section        0  stm32f4xx_hal_timebase_tim.o(.text.HAL_InitTick)
    [Anonymous Symbol]                       0x08000c50   Section        0  stm32f4xx_hal_msp.o(.text.HAL_MspInit)
    [Anonymous Symbol]                       0x08000c88   Section        0  stm32f4xx_hal_cortex.o(.text.HAL_NVIC_EnableIRQ)
    [Anonymous Symbol]                       0x08000c8c   Section        0  stm32f4xx_hal_cortex.o(.text.HAL_NVIC_SetPriority)
    [Anonymous Symbol]                       0x08000cac   Section        0  stm32f4xx_hal_cortex.o(.text.HAL_NVIC_SetPriorityGrouping)
    [Anonymous Symbol]                       0x08000cb0   Section        0  stm32f4xx_hal_rcc.o(.text.HAL_RCC_ClockConfig)
    [Anonymous Symbol]                       0x08000e1c   Section        0  stm32f4xx_hal_rcc.o(.text.HAL_RCC_GetClockConfig)
    [Anonymous Symbol]                       0x08000e5c   Section        0  stm32f4xx_hal_rcc.o(.text.HAL_RCC_GetHCLKFreq)
    [Anonymous Symbol]                       0x08000e68   Section        0  stm32f4xx_hal_rcc.o(.text.HAL_RCC_GetPCLK1Freq)
    [Anonymous Symbol]                       0x08000e8c   Section        0  stm32f4xx_hal_rcc.o(.text.HAL_RCC_GetPCLK2Freq)
    [Anonymous Symbol]                       0x08000eb0   Section        0  stm32f4xx_hal_rcc.o(.text.HAL_RCC_GetSysClockFreq)
    [Anonymous Symbol]                       0x08000f20   Section        0  stm32f4xx_hal_rcc.o(.text.HAL_RCC_OscConfig)
    [Anonymous Symbol]                       0x080012e0   Section        0  stm32f4xx_hal_tim_ex.o(.text.HAL_TIMEx_BreakCallback)
    [Anonymous Symbol]                       0x080012e4   Section        0  stm32f4xx_hal_tim_ex.o(.text.HAL_TIMEx_CommutCallback)
    [Anonymous Symbol]                       0x080012e8   Section        0  stm32f4xx_hal_tim_ex.o(.text.HAL_TIMEx_MasterConfigSynchronization)
    [Anonymous Symbol]                       0x080013a8   Section        0  stm32f4xx_hal_tim.o(.text.HAL_TIM_Base_Init)
    [Anonymous Symbol]                       0x08001404   Section        0  stm32f4xx_hal_tim.o(.text.HAL_TIM_Base_MspInit)
    [Anonymous Symbol]                       0x08001408   Section        0  stm32f4xx_hal_tim.o(.text.HAL_TIM_Base_Start_IT)
    [Anonymous Symbol]                       0x080014c0   Section        0  stm32f4xx_hal_tim.o(.text.HAL_TIM_IC_CaptureCallback)
    [Anonymous Symbol]                       0x080014c4   Section        0  stm32f4xx_hal_tim.o(.text.HAL_TIM_IRQHandler)
    [Anonymous Symbol]                       0x080015e8   Section        0  tim.o(.text.HAL_TIM_MspPostInit)
    [Anonymous Symbol]                       0x08001644   Section        0  stm32f4xx_hal_tim.o(.text.HAL_TIM_OC_DelayElapsedCallback)
    [Anonymous Symbol]                       0x08001648   Section        0  stm32f4xx_hal_tim.o(.text.HAL_TIM_PWM_ConfigChannel)
    [Anonymous Symbol]                       0x08001714   Section        0  stm32f4xx_hal_tim.o(.text.HAL_TIM_PWM_Init)
    [Anonymous Symbol]                       0x08001770   Section        0  tim.o(.text.HAL_TIM_PWM_MspInit)
    [Anonymous Symbol]                       0x080017a8   Section        0  stm32f4xx_hal_tim.o(.text.HAL_TIM_PWM_PulseFinishedCallback)
    [Anonymous Symbol]                       0x080017ac   Section        0  stm32f4xx_hal_tim.o(.text.HAL_TIM_PWM_Start)
    [Anonymous Symbol]                       0x080018b0   Section        0  main.o(.text.HAL_TIM_PeriodElapsedCallback)
    [Anonymous Symbol]                       0x080018c4   Section        0  stm32f4xx_hal_tim.o(.text.HAL_TIM_TriggerCallback)
    [Anonymous Symbol]                       0x080018c8   Section        0  stm32f4xx_hal_uart.o(.text.HAL_UARTEx_ReceiveToIdle_DMA)
    [Anonymous Symbol]                       0x08001924   Section        0  bsp_usart.o(.text.HAL_UARTEx_RxEventCallback)
    [Anonymous Symbol]                       0x08001994   Section        0  stm32f4xx_hal_uart.o(.text.HAL_UART_DMAStop)
    [Anonymous Symbol]                       0x08001a0c   Section        0  bsp_usart.o(.text.HAL_UART_ErrorCallback)
    [Anonymous Symbol]                       0x08001a5c   Section        0  stm32f4xx_hal_uart.o(.text.HAL_UART_IRQHandler)
    [Anonymous Symbol]                       0x08001ce0   Section        0  stm32f4xx_hal_uart.o(.text.HAL_UART_Init)
    [Anonymous Symbol]                       0x08001d44   Section        0  usart.o(.text.HAL_UART_MspInit)
    [Anonymous Symbol]                       0x08001e10   Section        0  usart.o(.text.HAL_UART_ReceiveIdle)
    [Anonymous Symbol]                       0x08001e8c   Section        0  stm32f4xx_hal_uart.o(.text.HAL_UART_Receive_DMA)
    [Anonymous Symbol]                       0x08001eac   Section        0  stm32f4xx_hal_uart.o(.text.HAL_UART_RxCpltCallback)
    [Anonymous Symbol]                       0x08001eb0   Section        0  stm32f4xx_hal_uart.o(.text.HAL_UART_RxHalfCpltCallback)
    [Anonymous Symbol]                       0x08001eb4   Section        0  stm32f4xx_hal_uart.o(.text.HAL_UART_TxCpltCallback)
    [Anonymous Symbol]                       0x08001eb8   Section        0  stm32f4xx_it.o(.text.HardFault_Handler)
    [Anonymous Symbol]                       0x08001ebc   Section        0  dma.o(.text.MX_DMA_Init)
    [Anonymous Symbol]                       0x08001ef4   Section        0  gpio.o(.text.MX_GPIO_Init)
    [Anonymous Symbol]                       0x08001f18   Section        0  tim.o(.text.MX_TIM5_Init)
    [Anonymous Symbol]                       0x08002000   Section        0  usart.o(.text.MX_USART1_UART_Init)
    [Anonymous Symbol]                       0x0800203c   Section        0  stm32f4xx_it.o(.text.MemManage_Handler)
    [Anonymous Symbol]                       0x08002040   Section        0  stm32f4xx_it.o(.text.NMI_Handler)
    [Anonymous Symbol]                       0x08002044   Section        0  stm32f4xx_hal_cortex.o(.text.NVIC_EncodePriority)
    NVIC_EncodePriority                      0x08002045   Thumb Code    54  stm32f4xx_hal_cortex.o(.text.NVIC_EncodePriority)
    [Anonymous Symbol]                       0x0800207c   Section        0  stm32f4xx_it.o(.text.PendSV_Handler)
    [Anonymous Symbol]                       0x08002080   Section        0  stm32f4xx_it.o(.text.SVC_Handler)
    [Anonymous Symbol]                       0x08002084   Section        0  servo.o(.text.Servo_Config)
    [Anonymous Symbol]                       0x080020d4   Section        0  servo.o(.text.Servo_Init)
    [Anonymous Symbol]                       0x080020ec   Section        0  servo.o(.text.Servo_SetAngle)
    [Anonymous Symbol]                       0x080021d4   Section        0  stm32f4xx_it.o(.text.SysTick_Handler)
    [Anonymous Symbol]                       0x080021d8   Section        0  main.o(.text.SystemClock_Config)
    [Anonymous Symbol]                       0x08002278   Section        0  system_stm32f4xx.o(.text.SystemInit)
    [Anonymous Symbol]                       0x0800228c   Section        0  stm32f4xx_it.o(.text.TIM6_DAC_IRQHandler)
    [Anonymous Symbol]                       0x08002298   Section        0  stm32f4xx_hal_tim.o(.text.TIM_Base_SetConfig)
    [Anonymous Symbol]                       0x080023d4   Section        0  stm32f4xx_hal_tim.o(.text.TIM_CCxChannelCmd)
    [Anonymous Symbol]                       0x080023f4   Section        0  stm32f4xx_hal_tim.o(.text.TIM_OC1_SetConfig)
    TIM_OC1_SetConfig                        0x080023f5   Thumb Code    98  stm32f4xx_hal_tim.o(.text.TIM_OC1_SetConfig)
    [Anonymous Symbol]                       0x08002458   Section        0  stm32f4xx_hal_tim.o(.text.TIM_OC2_SetConfig)
    [Anonymous Symbol]                       0x080024c4   Section        0  stm32f4xx_hal_tim.o(.text.TIM_OC3_SetConfig)
    TIM_OC3_SetConfig                        0x080024c5   Thumb Code   106  stm32f4xx_hal_tim.o(.text.TIM_OC3_SetConfig)
    [Anonymous Symbol]                       0x08002530   Section        0  stm32f4xx_hal_tim.o(.text.TIM_OC4_SetConfig)
    TIM_OC4_SetConfig                        0x08002531   Thumb Code    80  stm32f4xx_hal_tim.o(.text.TIM_OC4_SetConfig)
    [Anonymous Symbol]                       0x08002580   Section        0  stm32f4xx_hal_uart.o(.text.UART_DMAAbortOnError)
    UART_DMAAbortOnError                     0x08002581   Thumb Code    10  stm32f4xx_hal_uart.o(.text.UART_DMAAbortOnError)
    [Anonymous Symbol]                       0x0800258c   Section        0  stm32f4xx_hal_uart.o(.text.UART_DMAError)
    UART_DMAError                            0x0800258d   Thumb Code    78  stm32f4xx_hal_uart.o(.text.UART_DMAError)
    [Anonymous Symbol]                       0x080025dc   Section        0  stm32f4xx_hal_uart.o(.text.UART_DMAReceiveCplt)
    UART_DMAReceiveCplt                      0x080025dd   Thumb Code   128  stm32f4xx_hal_uart.o(.text.UART_DMAReceiveCplt)
    [Anonymous Symbol]                       0x0800265c   Section        0  stm32f4xx_hal_uart.o(.text.UART_DMARxHalfCplt)
    UART_DMARxHalfCplt                       0x0800265d   Thumb Code    26  stm32f4xx_hal_uart.o(.text.UART_DMARxHalfCplt)
    [Anonymous Symbol]                       0x08002678   Section        0  stm32f4xx_hal_uart.o(.text.UART_EndRxTransfer)
    UART_EndRxTransfer                       0x08002679   Thumb Code    80  stm32f4xx_hal_uart.o(.text.UART_EndRxTransfer)
    [Anonymous Symbol]                       0x080026c8   Section        0  stm32f4xx_hal_uart.o(.text.UART_EndTransmit_IT)
    UART_EndTransmit_IT                      0x080026c9   Thumb Code    20  stm32f4xx_hal_uart.o(.text.UART_EndTransmit_IT)
    [Anonymous Symbol]                       0x080026dc   Section        0  stm32f4xx_hal_uart.o(.text.UART_EndTxTransfer)
    UART_EndTxTransfer                       0x080026dd   Thumb Code    28  stm32f4xx_hal_uart.o(.text.UART_EndTxTransfer)
    [Anonymous Symbol]                       0x080026f8   Section        0  stm32f4xx_hal_uart.o(.text.UART_Receive_IT)
    UART_Receive_IT                          0x080026f9   Thumb Code   198  stm32f4xx_hal_uart.o(.text.UART_Receive_IT)
    [Anonymous Symbol]                       0x080027c0   Section        0  stm32f4xx_hal_uart.o(.text.UART_SetConfig)
    UART_SetConfig                           0x080027c1   Thumb Code   224  stm32f4xx_hal_uart.o(.text.UART_SetConfig)
    [Anonymous Symbol]                       0x080028a0   Section        0  stm32f4xx_hal_uart.o(.text.UART_Start_Receive_DMA)
    [Anonymous Symbol]                       0x0800294c   Section        0  stm32f4xx_hal_uart.o(.text.UART_Transmit_IT)
    UART_Transmit_IT                         0x0800294d   Thumb Code    92  stm32f4xx_hal_uart.o(.text.UART_Transmit_IT)
    [Anonymous Symbol]                       0x080029a8   Section        0  stm32f4xx_it.o(.text.USART1_IRQHandler)
    [Anonymous Symbol]                       0x080029d8   Section        0  bsp_usart.o(.text.USARTRegister)
    [Anonymous Symbol]                       0x08002a1c   Section        0  bsp_usart.o(.text.USARTServiceInit)
    [Anonymous Symbol]                       0x08002a3c   Section        0  stm32f4xx_it.o(.text.UsageFault_Handler)
    [Anonymous Symbol]                       0x08002a40   Section        0  stm32f4xx_hal_cortex.o(.text.__NVIC_EnableIRQ)
    __NVIC_EnableIRQ                         0x08002a41   Thumb Code    36  stm32f4xx_hal_cortex.o(.text.__NVIC_EnableIRQ)
    [Anonymous Symbol]                       0x08002a64   Section        0  stm32f4xx_hal_cortex.o(.text.__NVIC_GetPriorityGrouping)
    __NVIC_GetPriorityGrouping               0x08002a65   Thumb Code    16  stm32f4xx_hal_cortex.o(.text.__NVIC_GetPriorityGrouping)
    [Anonymous Symbol]                       0x08002a74   Section        0  stm32f4xx_hal_cortex.o(.text.__NVIC_SetPriority)
    __NVIC_SetPriority                       0x08002a75   Thumb Code    34  stm32f4xx_hal_cortex.o(.text.__NVIC_SetPriority)
    [Anonymous Symbol]                       0x08002a98   Section        0  stm32f4xx_hal_cortex.o(.text.__NVIC_SetPriorityGrouping)
    __NVIC_SetPriorityGrouping               0x08002a99   Thumb Code    32  stm32f4xx_hal_cortex.o(.text.__NVIC_SetPriorityGrouping)
    [Anonymous Symbol]                       0x08002ab8   Section        0  kinematic_solution.o(.text.acclulate)
    [Anonymous Symbol]                       0x08002c74   Section        0  kinematic_solution.o(.text.fabsf)
    fabsf                                    0x08002c75   Thumb Code     4  kinematic_solution.o(.text.fabsf)
    [Anonymous Symbol]                       0x08002c78   Section        0  main.o(.text.main)
    [Anonymous Symbol]                       0x08002e48   Section        0  main.o(.text.pack_callback)
    [Anonymous Symbol]                       0x08002ec8   Section        0  kinematic_solution.o(.text.rad_to_deg)
    i.__ARM_fpclassifyf                      0x08002efc   Section        0  fpclassifyf.o(i.__ARM_fpclassifyf)
    i.__hardfp__fabsf                        0x08002f22   Section        0  fabsf.o(i.__hardfp__fabsf)
    i.__hardfp_acosf                         0x08002f30   Section        0  acosf.o(i.__hardfp_acosf)
    i.__hardfp_atan2f                        0x08003048   Section        0  atan2f.o(i.__hardfp_atan2f)
    i.__hardfp_cosf                          0x08003298   Section        0  cosf.o(i.__hardfp_cosf)
    i.__hardfp_sinf                          0x080033e8   Section        0  sinf.o(i.__hardfp_sinf)
    i.__hardfp_sqrtf                         0x08003578   Section        0  sqrtf.o(i.__hardfp_sqrtf)
    i.__mathlib_flt_infnan                   0x080035b2   Section        0  funder.o(i.__mathlib_flt_infnan)
    i.__mathlib_flt_infnan2                  0x080035b8   Section        0  funder.o(i.__mathlib_flt_infnan2)
    i.__mathlib_flt_invalid                  0x080035c0   Section        0  funder.o(i.__mathlib_flt_invalid)
    i.__mathlib_flt_underflow                0x080035d0   Section        0  funder.o(i.__mathlib_flt_underflow)
    i.__mathlib_rredf2                       0x080035e0   Section        0  rredf.o(i.__mathlib_rredf2)
    i.sqrtf                                  0x08003734   Section        0  sqrtf.o(i.sqrtf)
    x$fpl$d2f                                0x08003774   Section       98  d2f.o(x$fpl$d2f)
    $v0                                      0x08003774   Number         0  d2f.o(x$fpl$d2f)
    x$fpl$ddiv                               0x080037d8   Section      688  ddiv.o(x$fpl$ddiv)
    $v0                                      0x080037d8   Number         0  ddiv.o(x$fpl$ddiv)
    ddiv_entry                               0x080037df   Thumb Code     0  ddiv.o(x$fpl$ddiv)
    x$fpl$dnaninf                            0x08003a88   Section      156  dnaninf.o(x$fpl$dnaninf)
    $v0                                      0x08003a88   Number         0  dnaninf.o(x$fpl$dnaninf)
    x$fpl$dretinf                            0x08003b24   Section       12  dretinf.o(x$fpl$dretinf)
    $v0                                      0x08003b24   Number         0  dretinf.o(x$fpl$dretinf)
    x$fpl$f2d                                0x08003b30   Section       86  f2d.o(x$fpl$f2d)
    $v0                                      0x08003b30   Number         0  f2d.o(x$fpl$f2d)
    x$fpl$fnaninf                            0x08003b86   Section      140  fnaninf.o(x$fpl$fnaninf)
    $v0                                      0x08003b86   Number         0  fnaninf.o(x$fpl$fnaninf)
    x$fpl$fpinit                             0x08003c12   Section       10  fpinit.o(x$fpl$fpinit)
    $v0                                      0x08003c12   Number         0  fpinit.o(x$fpl$fpinit)
    x$fpl$fretinf                            0x08003c1c   Section       10  fretinf.o(x$fpl$fretinf)
    $v0                                      0x08003c1c   Number         0  fretinf.o(x$fpl$fretinf)
    x$fpl$usenofp                            0x08003c26   Section        0  usenofp.o(x$fpl$usenofp)
    .constdata                               0x08003c28   Section       32  rredf.o(.constdata)
    twooverpi                                0x08003c28   Data          32  rredf.o(.constdata)
    .bss                                     0x20000010   Section       96  libspace.o(.bss)
    [Anonymous Symbol]                       0x20000080   Section        0  servo.o(.bss.gServoConfig)
    gServoConfig                             0x20000080   Data          80  servo.o(.bss.gServoConfig)
    [Anonymous Symbol]                       0x20000208   Section        0  bsp_usart.o(.bss.idx)
    idx                                      0x20000208   Data           1  bsp_usart.o(.bss.idx)
    [Anonymous Symbol]                       0x20000324   Section        0  bsp_usart.o(.bss.usart_instance)
    usart_instance                           0x20000324   Data          12  bsp_usart.o(.bss.usart_instance)
    HEAP                                     0x20000338   Section      512  startup_stm32f407xx.o(HEAP)
    Heap_Mem                                 0x20000338   Data         512  startup_stm32f407xx.o(HEAP)
    STACK                                    0x20000538   Section     1024  startup_stm32f407xx.o(STACK)
    Stack_Mem                                0x20000538   Data        1024  startup_stm32f407xx.o(STACK)
    __initial_sp                             0x20000938   Data           0  startup_stm32f407xx.o(STACK)

    Global Symbols

    Symbol Name                              Value     Ov Type        Size  Object(Section)

    BuildAttributes$$THM_ISAv4$E$P$D$K$B$S$7EM$VFPi3$EXTD16$VFPS$VFMA$PE$A:L22UL41UL21$X:L11$S22US41US21$IEEE1$IW$~IW$USESV6$~STKCKD$USESV7$~SHL$OTIME$ROPI$IEEEX$EBA8$UX$STANDARDLIB$REQ8$PRES8$EABIv2 0x00000000   Number         0  anon$$obj.o ABSOLUTE
    __ARM_exceptions_init                     - Undefined Weak Reference
    __alloca_initialize                       - Undefined Weak Reference
    __arm_preinit_                            - Undefined Weak Reference
    __cpp_initialize__aeabi_                  - Undefined Weak Reference
    __cxa_finalize                            - Undefined Weak Reference
    __rt_locale                               - Undefined Weak Reference
    __sigvec_lookup                           - Undefined Weak Reference
    _atexit_init                              - Undefined Weak Reference
    _call_atexit_fns                          - Undefined Weak Reference
    _clock_init                               - Undefined Weak Reference
    _fp_trap_init                             - Undefined Weak Reference
    _fp_trap_shutdown                         - Undefined Weak Reference
    _get_lc_collate                           - Undefined Weak Reference
    _get_lc_ctype                             - Undefined Weak Reference
    _get_lc_monetary                          - Undefined Weak Reference
    _get_lc_numeric                           - Undefined Weak Reference
    _get_lc_time                              - Undefined Weak Reference
    _getenv_init                              - Undefined Weak Reference
    _handle_redirection                       - Undefined Weak Reference
    _init_alloc                               - Undefined Weak Reference
    _init_user_alloc                          - Undefined Weak Reference
    _initio                                   - Undefined Weak Reference
    _rand_init                                - Undefined Weak Reference
    _signal_finish                            - Undefined Weak Reference
    _signal_init                              - Undefined Weak Reference
    _terminate_alloc                          - Undefined Weak Reference
    _terminate_user_alloc                     - Undefined Weak Reference
    _terminateio                              - Undefined Weak Reference
    __Vectors_Size                           0x00000188   Number         0  startup_stm32f407xx.o ABSOLUTE
    __Vectors                                0x08000000   Data           4  startup_stm32f407xx.o(RESET)
    __Vectors_End                            0x08000188   Data           0  startup_stm32f407xx.o(RESET)
    __main                                   0x08000189   Thumb Code     8  __main.o(!!!main)
    __scatterload                            0x08000191   Thumb Code     0  __scatter.o(!!!scatter)
    __scatterload_rt2                        0x08000191   Thumb Code    44  __scatter.o(!!!scatter)
    __scatterload_rt2_thumb_only             0x08000191   Thumb Code     0  __scatter.o(!!!scatter)
    __scatterload_null                       0x0800019f   Thumb Code     0  __scatter.o(!!!scatter)
    __scatterload_copy                       0x080001c5   Thumb Code    26  __scatter_copy.o(!!handler_copy)
    __scatterload_zeroinit                   0x080001e1   Thumb Code    28  __scatter_zi.o(!!handler_zi)
    __rt_lib_init                            0x080001fd   Thumb Code     0  libinit.o(.ARM.Collect$$libinit$$00000000)
    __rt_lib_init_fp_1                       0x080001ff   Thumb Code     0  libinit2.o(.ARM.Collect$$libinit$$00000001)
    __rt_lib_init_alloca_1                   0x08000203   Thumb Code     0  libinit2.o(.ARM.Collect$$libinit$$0000002E)
    __rt_lib_init_argv_1                     0x08000203   Thumb Code     0  libinit2.o(.ARM.Collect$$libinit$$0000002C)
    __rt_lib_init_atexit_1                   0x08000203   Thumb Code     0  libinit2.o(.ARM.Collect$$libinit$$0000001B)
    __rt_lib_init_clock_1                    0x08000203   Thumb Code     0  libinit2.o(.ARM.Collect$$libinit$$00000021)
    __rt_lib_init_cpp_1                      0x08000203   Thumb Code     0  libinit2.o(.ARM.Collect$$libinit$$00000032)
    __rt_lib_init_exceptions_1               0x08000203   Thumb Code     0  libinit2.o(.ARM.Collect$$libinit$$00000030)
    __rt_lib_init_fp_trap_1                  0x08000203   Thumb Code     0  libinit2.o(.ARM.Collect$$libinit$$0000001F)
    __rt_lib_init_getenv_1                   0x08000203   Thumb Code     0  libinit2.o(.ARM.Collect$$libinit$$00000023)
    __rt_lib_init_heap_1                     0x08000203   Thumb Code     0  libinit2.o(.ARM.Collect$$libinit$$0000000A)
    __rt_lib_init_lc_collate_1               0x08000203   Thumb Code     0  libinit2.o(.ARM.Collect$$libinit$$00000011)
    __rt_lib_init_lc_ctype_1                 0x08000203   Thumb Code     0  libinit2.o(.ARM.Collect$$libinit$$00000013)
    __rt_lib_init_lc_monetary_1              0x08000203   Thumb Code     0  libinit2.o(.ARM.Collect$$libinit$$00000015)
    __rt_lib_init_lc_numeric_1               0x08000203   Thumb Code     0  libinit2.o(.ARM.Collect$$libinit$$00000017)
    __rt_lib_init_lc_time_1                  0x08000203   Thumb Code     0  libinit2.o(.ARM.Collect$$libinit$$00000019)
    __rt_lib_init_preinit_1                  0x08000203   Thumb Code     0  libinit2.o(.ARM.Collect$$libinit$$00000004)
    __rt_lib_init_rand_1                     0x08000203   Thumb Code     0  libinit2.o(.ARM.Collect$$libinit$$0000000E)
    __rt_lib_init_return                     0x08000203   Thumb Code     0  libinit2.o(.ARM.Collect$$libinit$$00000033)
    __rt_lib_init_signal_1                   0x08000203   Thumb Code     0  libinit2.o(.ARM.Collect$$libinit$$0000001D)
    __rt_lib_init_stdio_1                    0x08000203   Thumb Code     0  libinit2.o(.ARM.Collect$$libinit$$00000025)
    __rt_lib_init_user_alloc_1               0x08000203   Thumb Code     0  libinit2.o(.ARM.Collect$$libinit$$0000000C)
    __rt_lib_shutdown                        0x08000205   Thumb Code     0  libshutdown.o(.ARM.Collect$$libshutdown$$00000000)
    __rt_lib_shutdown_cpp_1                  0x08000207   Thumb Code     0  libshutdown2.o(.ARM.Collect$$libshutdown$$00000002)
    __rt_lib_shutdown_fp_trap_1              0x08000207   Thumb Code     0  libshutdown2.o(.ARM.Collect$$libshutdown$$00000007)
    __rt_lib_shutdown_heap_1                 0x08000207   Thumb Code     0  libshutdown2.o(.ARM.Collect$$libshutdown$$0000000F)
    __rt_lib_shutdown_return                 0x08000207   Thumb Code     0  libshutdown2.o(.ARM.Collect$$libshutdown$$00000010)
    __rt_lib_shutdown_signal_1               0x08000207   Thumb Code     0  libshutdown2.o(.ARM.Collect$$libshutdown$$0000000A)
    __rt_lib_shutdown_stdio_1                0x08000207   Thumb Code     0  libshutdown2.o(.ARM.Collect$$libshutdown$$00000004)
    __rt_lib_shutdown_user_alloc_1           0x08000207   Thumb Code     0  libshutdown2.o(.ARM.Collect$$libshutdown$$0000000C)
    __rt_entry                               0x08000209   Thumb Code     0  __rtentry.o(.ARM.Collect$$rtentry$$00000000)
    __rt_entry_presh_1                       0x08000209   Thumb Code     0  __rtentry2.o(.ARM.Collect$$rtentry$$00000002)
    __rt_entry_sh                            0x08000209   Thumb Code     0  __rtentry4.o(.ARM.Collect$$rtentry$$00000004)
    __rt_entry_li                            0x0800020f   Thumb Code     0  __rtentry2.o(.ARM.Collect$$rtentry$$0000000A)
    __rt_entry_postsh_1                      0x0800020f   Thumb Code     0  __rtentry2.o(.ARM.Collect$$rtentry$$00000009)
    __rt_entry_main                          0x08000213   Thumb Code     0  __rtentry2.o(.ARM.Collect$$rtentry$$0000000D)
    __rt_entry_postli_1                      0x08000213   Thumb Code     0  __rtentry2.o(.ARM.Collect$$rtentry$$0000000C)
    __rt_exit                                0x0800021b   Thumb Code     0  rtexit.o(.ARM.Collect$$rtexit$$00000000)
    __rt_exit_ls                             0x0800021d   Thumb Code     0  rtexit2.o(.ARM.Collect$$rtexit$$00000003)
    __rt_exit_prels_1                        0x0800021d   Thumb Code     0  rtexit2.o(.ARM.Collect$$rtexit$$00000002)
    __rt_exit_exit                           0x08000221   Thumb Code     0  rtexit2.o(.ARM.Collect$$rtexit$$00000004)
    Reset_Handler                            0x08000229   Thumb Code     8  startup_stm32f407xx.o(.text)
    ADC_IRQHandler                           0x08000243   Thumb Code     0  startup_stm32f407xx.o(.text)
    CAN1_RX0_IRQHandler                      0x08000243   Thumb Code     0  startup_stm32f407xx.o(.text)
    CAN1_RX1_IRQHandler                      0x08000243   Thumb Code     0  startup_stm32f407xx.o(.text)
    CAN1_SCE_IRQHandler                      0x08000243   Thumb Code     0  startup_stm32f407xx.o(.text)
    CAN1_TX_IRQHandler                       0x08000243   Thumb Code     0  startup_stm32f407xx.o(.text)
    CAN2_RX0_IRQHandler                      0x08000243   Thumb Code     0  startup_stm32f407xx.o(.text)
    CAN2_RX1_IRQHandler                      0x08000243   Thumb Code     0  startup_stm32f407xx.o(.text)
    CAN2_SCE_IRQHandler                      0x08000243   Thumb Code     0  startup_stm32f407xx.o(.text)
    CAN2_TX_IRQHandler                       0x08000243   Thumb Code     0  startup_stm32f407xx.o(.text)
    DCMI_IRQHandler                          0x08000243   Thumb Code     0  startup_stm32f407xx.o(.text)
    DMA1_Stream0_IRQHandler                  0x08000243   Thumb Code     0  startup_stm32f407xx.o(.text)
    DMA1_Stream1_IRQHandler                  0x08000243   Thumb Code     0  startup_stm32f407xx.o(.text)
    DMA1_Stream2_IRQHandler                  0x08000243   Thumb Code     0  startup_stm32f407xx.o(.text)
    DMA1_Stream3_IRQHandler                  0x08000243   Thumb Code     0  startup_stm32f407xx.o(.text)
    DMA1_Stream4_IRQHandler                  0x08000243   Thumb Code     0  startup_stm32f407xx.o(.text)
    DMA1_Stream5_IRQHandler                  0x08000243   Thumb Code     0  startup_stm32f407xx.o(.text)
    DMA1_Stream6_IRQHandler                  0x08000243   Thumb Code     0  startup_stm32f407xx.o(.text)
    DMA1_Stream7_IRQHandler                  0x08000243   Thumb Code     0  startup_stm32f407xx.o(.text)
    DMA2_Stream0_IRQHandler                  0x08000243   Thumb Code     0  startup_stm32f407xx.o(.text)
    DMA2_Stream1_IRQHandler                  0x08000243   Thumb Code     0  startup_stm32f407xx.o(.text)
    DMA2_Stream3_IRQHandler                  0x08000243   Thumb Code     0  startup_stm32f407xx.o(.text)
    DMA2_Stream4_IRQHandler                  0x08000243   Thumb Code     0  startup_stm32f407xx.o(.text)
    DMA2_Stream5_IRQHandler                  0x08000243   Thumb Code     0  startup_stm32f407xx.o(.text)
    DMA2_Stream6_IRQHandler                  0x08000243   Thumb Code     0  startup_stm32f407xx.o(.text)
    DMA2_Stream7_IRQHandler                  0x08000243   Thumb Code     0  startup_stm32f407xx.o(.text)
    ETH_IRQHandler                           0x08000243   Thumb Code     0  startup_stm32f407xx.o(.text)
    ETH_WKUP_IRQHandler                      0x08000243   Thumb Code     0  startup_stm32f407xx.o(.text)
    EXTI0_IRQHandler                         0x08000243   Thumb Code     0  startup_stm32f407xx.o(.text)
    EXTI15_10_IRQHandler                     0x08000243   Thumb Code     0  startup_stm32f407xx.o(.text)
    EXTI1_IRQHandler                         0x08000243   Thumb Code     0  startup_stm32f407xx.o(.text)
    EXTI2_IRQHandler                         0x08000243   Thumb Code     0  startup_stm32f407xx.o(.text)
    EXTI3_IRQHandler                         0x08000243   Thumb Code     0  startup_stm32f407xx.o(.text)
    EXTI4_IRQHandler                         0x08000243   Thumb Code     0  startup_stm32f407xx.o(.text)
    EXTI9_5_IRQHandler                       0x08000243   Thumb Code     0  startup_stm32f407xx.o(.text)
    FLASH_IRQHandler                         0x08000243   Thumb Code     0  startup_stm32f407xx.o(.text)
    FMC_IRQHandler                           0x08000243   Thumb Code     0  startup_stm32f407xx.o(.text)
    FPU_IRQHandler                           0x08000243   Thumb Code     0  startup_stm32f407xx.o(.text)
    HASH_RNG_IRQHandler                      0x08000243   Thumb Code     0  startup_stm32f407xx.o(.text)
    I2C1_ER_IRQHandler                       0x08000243   Thumb Code     0  startup_stm32f407xx.o(.text)
    I2C1_EV_IRQHandler                       0x08000243   Thumb Code     0  startup_stm32f407xx.o(.text)
    I2C2_ER_IRQHandler                       0x08000243   Thumb Code     0  startup_stm32f407xx.o(.text)
    I2C2_EV_IRQHandler                       0x08000243   Thumb Code     0  startup_stm32f407xx.o(.text)
    I2C3_ER_IRQHandler                       0x08000243   Thumb Code     0  startup_stm32f407xx.o(.text)
    I2C3_EV_IRQHandler                       0x08000243   Thumb Code     0  startup_stm32f407xx.o(.text)
    OTG_FS_IRQHandler                        0x08000243   Thumb Code     0  startup_stm32f407xx.o(.text)
    OTG_FS_WKUP_IRQHandler                   0x08000243   Thumb Code     0  startup_stm32f407xx.o(.text)
    OTG_HS_EP1_IN_IRQHandler                 0x08000243   Thumb Code     0  startup_stm32f407xx.o(.text)
    OTG_HS_EP1_OUT_IRQHandler                0x08000243   Thumb Code     0  startup_stm32f407xx.o(.text)
    OTG_HS_IRQHandler                        0x08000243   Thumb Code     0  startup_stm32f407xx.o(.text)
    OTG_HS_WKUP_IRQHandler                   0x08000243   Thumb Code     0  startup_stm32f407xx.o(.text)
    PVD_IRQHandler                           0x08000243   Thumb Code     0  startup_stm32f407xx.o(.text)
    RCC_IRQHandler                           0x08000243   Thumb Code     0  startup_stm32f407xx.o(.text)
    RTC_Alarm_IRQHandler                     0x08000243   Thumb Code     0  startup_stm32f407xx.o(.text)
    RTC_WKUP_IRQHandler                      0x08000243   Thumb Code     0  startup_stm32f407xx.o(.text)
    SDIO_IRQHandler                          0x08000243   Thumb Code     0  startup_stm32f407xx.o(.text)
    SPI1_IRQHandler                          0x08000243   Thumb Code     0  startup_stm32f407xx.o(.text)
    SPI2_IRQHandler                          0x08000243   Thumb Code     0  startup_stm32f407xx.o(.text)
    SPI3_IRQHandler                          0x08000243   Thumb Code     0  startup_stm32f407xx.o(.text)
    TAMP_STAMP_IRQHandler                    0x08000243   Thumb Code     0  startup_stm32f407xx.o(.text)
    TIM1_BRK_TIM9_IRQHandler                 0x08000243   Thumb Code     0  startup_stm32f407xx.o(.text)
    TIM1_CC_IRQHandler                       0x08000243   Thumb Code     0  startup_stm32f407xx.o(.text)
    TIM1_TRG_COM_TIM11_IRQHandler            0x08000243   Thumb Code     0  startup_stm32f407xx.o(.text)
    TIM1_UP_TIM10_IRQHandler                 0x08000243   Thumb Code     0  startup_stm32f407xx.o(.text)
    TIM2_IRQHandler                          0x08000243   Thumb Code     0  startup_stm32f407xx.o(.text)
    TIM3_IRQHandler                          0x08000243   Thumb Code     0  startup_stm32f407xx.o(.text)
    TIM4_IRQHandler                          0x08000243   Thumb Code     0  startup_stm32f407xx.o(.text)
    TIM5_IRQHandler                          0x08000243   Thumb Code     0  startup_stm32f407xx.o(.text)
    TIM7_IRQHandler                          0x08000243   Thumb Code     0  startup_stm32f407xx.o(.text)
    TIM8_BRK_TIM12_IRQHandler                0x08000243   Thumb Code     0  startup_stm32f407xx.o(.text)
    TIM8_CC_IRQHandler                       0x08000243   Thumb Code     0  startup_stm32f407xx.o(.text)
    TIM8_TRG_COM_TIM14_IRQHandler            0x08000243   Thumb Code     0  startup_stm32f407xx.o(.text)
    TIM8_UP_TIM13_IRQHandler                 0x08000243   Thumb Code     0  startup_stm32f407xx.o(.text)
    UART4_IRQHandler                         0x08000243   Thumb Code     0  startup_stm32f407xx.o(.text)
    UART5_IRQHandler                         0x08000243   Thumb Code     0  startup_stm32f407xx.o(.text)
    USART2_IRQHandler                        0x08000243   Thumb Code     0  startup_stm32f407xx.o(.text)
    USART3_IRQHandler                        0x08000243   Thumb Code     0  startup_stm32f407xx.o(.text)
    USART6_IRQHandler                        0x08000243   Thumb Code     0  startup_stm32f407xx.o(.text)
    WWDG_IRQHandler                          0x08000243   Thumb Code     0  startup_stm32f407xx.o(.text)
    __user_initial_stackheap                 0x08000245   Thumb Code     0  startup_stm32f407xx.o(.text)
    __aeabi_uldivmod                         0x08000269   Thumb Code     0  lludivv7m.o(.text)
    _ll_udiv                                 0x08000269   Thumb Code   238  lludivv7m.o(.text)
    __aeabi_memcpy4                          0x08000357   Thumb Code     0  rt_memcpy_w.o(.text)
    __aeabi_memcpy8                          0x08000357   Thumb Code     0  rt_memcpy_w.o(.text)
    __rt_memcpy_w                            0x08000357   Thumb Code   100  rt_memcpy_w.o(.text)
    _memcpy_lastbytes_aligned                0x0800039f   Thumb Code     0  rt_memcpy_w.o(.text)
    __aeabi_memclr4                          0x080003bb   Thumb Code     0  rt_memclr_w.o(.text)
    __aeabi_memclr8                          0x080003bb   Thumb Code     0  rt_memclr_w.o(.text)
    __rt_memclr_w                            0x080003bb   Thumb Code    78  rt_memclr_w.o(.text)
    _memset_w                                0x080003bf   Thumb Code     0  rt_memclr_w.o(.text)
    __use_two_region_memory                  0x08000409   Thumb Code     2  heapauxi.o(.text)
    __rt_heap_escrow$2region                 0x0800040b   Thumb Code     2  heapauxi.o(.text)
    __rt_heap_expand$2region                 0x0800040d   Thumb Code     2  heapauxi.o(.text)
    __read_errno                             0x0800040f   Thumb Code    10  _rserrno.o(.text)
    __set_errno                              0x08000419   Thumb Code    12  _rserrno.o(.text)
    __aeabi_errno_addr                       0x08000425   Thumb Code     8  rt_errno_addr_intlibspace.o(.text)
    __errno$intlibspace                      0x08000425   Thumb Code     0  rt_errno_addr_intlibspace.o(.text)
    __rt_errno_addr$intlibspace              0x08000425   Thumb Code     0  rt_errno_addr_intlibspace.o(.text)
    __user_libspace                          0x0800042d   Thumb Code     8  libspace.o(.text)
    __user_perproc_libspace                  0x0800042d   Thumb Code     0  libspace.o(.text)
    __user_perthread_libspace                0x0800042d   Thumb Code     0  libspace.o(.text)
    __user_setup_stackheap                   0x08000435   Thumb Code    74  sys_stackheap_outer.o(.text)
    exit                                     0x0800047f   Thumb Code    18  exit.o(.text)
    _sys_exit                                0x08000491   Thumb Code     8  sys_exit.o(.text)
    __I$use$semihosting                      0x0800049d   Thumb Code     0  use_no_semi.o(.text)
    __use_no_semihosting_swi                 0x0800049d   Thumb Code     2  use_no_semi.o(.text)
    __semihosting_library_function           0x0800049f   Thumb Code     0  indicate_semi.o(.text)
    BusFault_Handler                         0x080004a1   Thumb Code     2  stm32f4xx_it.o(.text.BusFault_Handler)
    DMA2_Stream2_IRQHandler                  0x080004a5   Thumb Code    12  stm32f4xx_it.o(.text.DMA2_Stream2_IRQHandler)
    DebugMon_Handler                         0x0800057d   Thumb Code     2  stm32f4xx_it.o(.text.DebugMon_Handler)
    Error_Handler                            0x08000581   Thumb Code     6  main.o(.text.Error_Handler)
    HAL_DMA_Abort                            0x08000589   Thumb Code   136  stm32f4xx_hal_dma.o(.text.HAL_DMA_Abort)
    HAL_DMA_Abort_IT                         0x08000611   Thumb Code    40  stm32f4xx_hal_dma.o(.text.HAL_DMA_Abort_IT)
    HAL_DMA_IRQHandler                       0x08000639   Thumb Code   454  stm32f4xx_hal_dma.o(.text.HAL_DMA_IRQHandler)
    HAL_DMA_Init                             0x08000801   Thumb Code   228  stm32f4xx_hal_dma.o(.text.HAL_DMA_Init)
    HAL_DMA_Start_IT                         0x080008e5   Thumb Code   110  stm32f4xx_hal_dma.o(.text.HAL_DMA_Start_IT)
    HAL_Delay                                0x08000955   Thumb Code    44  stm32f4xx_hal.o(.text.HAL_Delay)
    HAL_GPIO_Init                            0x08000981   Thumb Code   444  stm32f4xx_hal_gpio.o(.text.HAL_GPIO_Init)
    HAL_GetTick                              0x08000b3d   Thumb Code    12  stm32f4xx_hal.o(.text.HAL_GetTick)
    HAL_IncTick                              0x08000b49   Thumb Code    26  stm32f4xx_hal.o(.text.HAL_IncTick)
    HAL_Init                                 0x08000b65   Thumb Code    54  stm32f4xx_hal.o(.text.HAL_Init)
    HAL_InitTick                             0x08000b9d   Thumb Code   178  stm32f4xx_hal_timebase_tim.o(.text.HAL_InitTick)
    HAL_MspInit                              0x08000c51   Thumb Code    56  stm32f4xx_hal_msp.o(.text.HAL_MspInit)
    HAL_NVIC_EnableIRQ                       0x08000c89   Thumb Code     4  stm32f4xx_hal_cortex.o(.text.HAL_NVIC_EnableIRQ)
    HAL_NVIC_SetPriority                     0x08000c8d   Thumb Code    32  stm32f4xx_hal_cortex.o(.text.HAL_NVIC_SetPriority)
    HAL_NVIC_SetPriorityGrouping             0x08000cad   Thumb Code     4  stm32f4xx_hal_cortex.o(.text.HAL_NVIC_SetPriorityGrouping)
    HAL_RCC_ClockConfig                      0x08000cb1   Thumb Code   364  stm32f4xx_hal_rcc.o(.text.HAL_RCC_ClockConfig)
    HAL_RCC_GetClockConfig                   0x08000e1d   Thumb Code    62  stm32f4xx_hal_rcc.o(.text.HAL_RCC_GetClockConfig)
    HAL_RCC_GetHCLKFreq                      0x08000e5d   Thumb Code    12  stm32f4xx_hal_rcc.o(.text.HAL_RCC_GetHCLKFreq)
    HAL_RCC_GetPCLK1Freq                     0x08000e69   Thumb Code    34  stm32f4xx_hal_rcc.o(.text.HAL_RCC_GetPCLK1Freq)
    HAL_RCC_GetPCLK2Freq                     0x08000e8d   Thumb Code    34  stm32f4xx_hal_rcc.o(.text.HAL_RCC_GetPCLK2Freq)
    HAL_RCC_GetSysClockFreq                  0x08000eb1   Thumb Code   112  stm32f4xx_hal_rcc.o(.text.HAL_RCC_GetSysClockFreq)
    HAL_RCC_OscConfig                        0x08000f21   Thumb Code   958  stm32f4xx_hal_rcc.o(.text.HAL_RCC_OscConfig)
    HAL_TIMEx_BreakCallback                  0x080012e1   Thumb Code     2  stm32f4xx_hal_tim_ex.o(.text.HAL_TIMEx_BreakCallback)
    HAL_TIMEx_CommutCallback                 0x080012e5   Thumb Code     2  stm32f4xx_hal_tim_ex.o(.text.HAL_TIMEx_CommutCallback)
    HAL_TIMEx_MasterConfigSynchronization    0x080012e9   Thumb Code   190  stm32f4xx_hal_tim_ex.o(.text.HAL_TIMEx_MasterConfigSynchronization)
    HAL_TIM_Base_Init                        0x080013a9   Thumb Code    90  stm32f4xx_hal_tim.o(.text.HAL_TIM_Base_Init)
    HAL_TIM_Base_MspInit                     0x08001405   Thumb Code     2  stm32f4xx_hal_tim.o(.text.HAL_TIM_Base_MspInit)
    HAL_TIM_Base_Start_IT                    0x08001409   Thumb Code   184  stm32f4xx_hal_tim.o(.text.HAL_TIM_Base_Start_IT)
    HAL_TIM_IC_CaptureCallback               0x080014c1   Thumb Code     2  stm32f4xx_hal_tim.o(.text.HAL_TIM_IC_CaptureCallback)
    HAL_TIM_IRQHandler                       0x080014c5   Thumb Code   290  stm32f4xx_hal_tim.o(.text.HAL_TIM_IRQHandler)
    HAL_TIM_MspPostInit                      0x080015e9   Thumb Code    90  tim.o(.text.HAL_TIM_MspPostInit)
    HAL_TIM_OC_DelayElapsedCallback          0x08001645   Thumb Code     2  stm32f4xx_hal_tim.o(.text.HAL_TIM_OC_DelayElapsedCallback)
    HAL_TIM_PWM_ConfigChannel                0x08001649   Thumb Code   204  stm32f4xx_hal_tim.o(.text.HAL_TIM_PWM_ConfigChannel)
    HAL_TIM_PWM_Init                         0x08001715   Thumb Code    90  stm32f4xx_hal_tim.o(.text.HAL_TIM_PWM_Init)
    HAL_TIM_PWM_MspInit                      0x08001771   Thumb Code    54  tim.o(.text.HAL_TIM_PWM_MspInit)
    HAL_TIM_PWM_PulseFinishedCallback        0x080017a9   Thumb Code     2  stm32f4xx_hal_tim.o(.text.HAL_TIM_PWM_PulseFinishedCallback)
    HAL_TIM_PWM_Start                        0x080017ad   Thumb Code   260  stm32f4xx_hal_tim.o(.text.HAL_TIM_PWM_Start)
    HAL_TIM_PeriodElapsedCallback            0x080018b1   Thumb Code    20  main.o(.text.HAL_TIM_PeriodElapsedCallback)
    HAL_TIM_TriggerCallback                  0x080018c5   Thumb Code     2  stm32f4xx_hal_tim.o(.text.HAL_TIM_TriggerCallback)
    HAL_UARTEx_ReceiveToIdle_DMA             0x080018c9   Thumb Code    92  stm32f4xx_hal_uart.o(.text.HAL_UARTEx_ReceiveToIdle_DMA)
    HAL_UARTEx_RxEventCallback               0x08001925   Thumb Code   110  bsp_usart.o(.text.HAL_UARTEx_RxEventCallback)
    HAL_UART_DMAStop                         0x08001995   Thumb Code   120  stm32f4xx_hal_uart.o(.text.HAL_UART_DMAStop)
    HAL_UART_ErrorCallback                   0x08001a0d   Thumb Code    80  bsp_usart.o(.text.HAL_UART_ErrorCallback)
    HAL_UART_IRQHandler                      0x08001a5d   Thumb Code   644  stm32f4xx_hal_uart.o(.text.HAL_UART_IRQHandler)
    HAL_UART_Init                            0x08001ce1   Thumb Code   100  stm32f4xx_hal_uart.o(.text.HAL_UART_Init)
    HAL_UART_MspInit                         0x08001d45   Thumb Code   204  usart.o(.text.HAL_UART_MspInit)
    HAL_UART_ReceiveIdle                     0x08001e11   Thumb Code   122  usart.o(.text.HAL_UART_ReceiveIdle)
    HAL_UART_Receive_DMA                     0x08001e8d   Thumb Code    32  stm32f4xx_hal_uart.o(.text.HAL_UART_Receive_DMA)
    HAL_UART_RxCpltCallback                  0x08001ead   Thumb Code     2  stm32f4xx_hal_uart.o(.text.HAL_UART_RxCpltCallback)
    HAL_UART_RxHalfCpltCallback              0x08001eb1   Thumb Code     2  stm32f4xx_hal_uart.o(.text.HAL_UART_RxHalfCpltCallback)
    HAL_UART_TxCpltCallback                  0x08001eb5   Thumb Code     2  stm32f4xx_hal_uart.o(.text.HAL_UART_TxCpltCallback)
    HardFault_Handler                        0x08001eb9   Thumb Code     2  stm32f4xx_it.o(.text.HardFault_Handler)
    MX_DMA_Init                              0x08001ebd   Thumb Code    56  dma.o(.text.MX_DMA_Init)
    MX_GPIO_Init                             0x08001ef5   Thumb Code    36  gpio.o(.text.MX_GPIO_Init)
    MX_TIM5_Init                             0x08001f19   Thumb Code   230  tim.o(.text.MX_TIM5_Init)
    MX_USART1_UART_Init                      0x08002001   Thumb Code    60  usart.o(.text.MX_USART1_UART_Init)
    MemManage_Handler                        0x0800203d   Thumb Code     2  stm32f4xx_it.o(.text.MemManage_Handler)
    NMI_Handler                              0x08002041   Thumb Code     2  stm32f4xx_it.o(.text.NMI_Handler)
    PendSV_Handler                           0x0800207d   Thumb Code     2  stm32f4xx_it.o(.text.PendSV_Handler)
    SVC_Handler                              0x08002081   Thumb Code     2  stm32f4xx_it.o(.text.SVC_Handler)
    Servo_Config                             0x08002085   Thumb Code    80  servo.o(.text.Servo_Config)
    Servo_Init                               0x080020d5   Thumb Code    24  servo.o(.text.Servo_Init)
    Servo_SetAngle                           0x080020ed   Thumb Code   232  servo.o(.text.Servo_SetAngle)
    SysTick_Handler                          0x080021d5   Thumb Code     2  stm32f4xx_it.o(.text.SysTick_Handler)
    SystemClock_Config                       0x080021d9   Thumb Code   160  main.o(.text.SystemClock_Config)
    SystemInit                               0x08002279   Thumb Code    18  system_stm32f4xx.o(.text.SystemInit)
    TIM6_DAC_IRQHandler                      0x0800228d   Thumb Code    12  stm32f4xx_it.o(.text.TIM6_DAC_IRQHandler)
    TIM_Base_SetConfig                       0x08002299   Thumb Code   316  stm32f4xx_hal_tim.o(.text.TIM_Base_SetConfig)
    TIM_CCxChannelCmd                        0x080023d5   Thumb Code    30  stm32f4xx_hal_tim.o(.text.TIM_CCxChannelCmd)
    TIM_OC2_SetConfig                        0x08002459   Thumb Code   108  stm32f4xx_hal_tim.o(.text.TIM_OC2_SetConfig)
    UART_Start_Receive_DMA                   0x080028a1   Thumb Code   170  stm32f4xx_hal_uart.o(.text.UART_Start_Receive_DMA)
    USART1_IRQHandler                        0x080029a9   Thumb Code    48  stm32f4xx_it.o(.text.USART1_IRQHandler)
    USARTRegister                            0x080029d9   Thumb Code    66  bsp_usart.o(.text.USARTRegister)
    USARTServiceInit                         0x08002a1d   Thumb Code    32  bsp_usart.o(.text.USARTServiceInit)
    UsageFault_Handler                       0x08002a3d   Thumb Code     2  stm32f4xx_it.o(.text.UsageFault_Handler)
    acclulate                                0x08002ab9   Thumb Code   444  kinematic_solution.o(.text.acclulate)
    main                                     0x08002c79   Thumb Code   464  main.o(.text.main)
    pack_callback                            0x08002e49   Thumb Code   122  main.o(.text.pack_callback)
    rad_to_deg                               0x08002ec9   Thumb Code    52  kinematic_solution.o(.text.rad_to_deg)
    __ARM_fpclassifyf                        0x08002efd   Thumb Code    38  fpclassifyf.o(i.__ARM_fpclassifyf)
    __hardfp__fabsf                          0x08002f23   Thumb Code    14  fabsf.o(i.__hardfp__fabsf)
    __hardfp_acosf                           0x08002f31   Thumb Code   234  acosf.o(i.__hardfp_acosf)
    __hardfp_atan2f                          0x08003049   Thumb Code   502  atan2f.o(i.__hardfp_atan2f)
    __hardfp_cosf                            0x08003299   Thumb Code   280  cosf.o(i.__hardfp_cosf)
    __hardfp_sinf                            0x080033e9   Thumb Code   344  sinf.o(i.__hardfp_sinf)
    __hardfp_sqrtf                           0x08003579   Thumb Code    58  sqrtf.o(i.__hardfp_sqrtf)
    __mathlib_flt_infnan                     0x080035b3   Thumb Code     6  funder.o(i.__mathlib_flt_infnan)
    __mathlib_flt_infnan2                    0x080035b9   Thumb Code     6  funder.o(i.__mathlib_flt_infnan2)
    __mathlib_flt_invalid                    0x080035c1   Thumb Code    10  funder.o(i.__mathlib_flt_invalid)
    __mathlib_flt_underflow                  0x080035d1   Thumb Code    10  funder.o(i.__mathlib_flt_underflow)
    __mathlib_rredf2                         0x080035e1   Thumb Code   316  rredf.o(i.__mathlib_rredf2)
    sqrtf                                    0x08003735   Thumb Code    62  sqrtf.o(i.sqrtf)
    __aeabi_d2f                              0x08003775   Thumb Code     0  d2f.o(x$fpl$d2f)
    _d2f                                     0x08003775   Thumb Code    98  d2f.o(x$fpl$d2f)
    __aeabi_ddiv                             0x080037d9   Thumb Code     0  ddiv.o(x$fpl$ddiv)
    _ddiv                                    0x080037d9   Thumb Code   552  ddiv.o(x$fpl$ddiv)
    __fpl_dnaninf                            0x08003a89   Thumb Code   156  dnaninf.o(x$fpl$dnaninf)
    __fpl_dretinf                            0x08003b25   Thumb Code    12  dretinf.o(x$fpl$dretinf)
    __aeabi_f2d                              0x08003b31   Thumb Code     0  f2d.o(x$fpl$f2d)
    _f2d                                     0x08003b31   Thumb Code    86  f2d.o(x$fpl$f2d)
    __fpl_fnaninf                            0x08003b87   Thumb Code   140  fnaninf.o(x$fpl$fnaninf)
    _fp_init                                 0x08003c13   Thumb Code    10  fpinit.o(x$fpl$fpinit)
    __fplib_config_fpu_vfp                   0x08003c1b   Thumb Code     0  fpinit.o(x$fpl$fpinit)
    __fplib_config_pureend_doubles           0x08003c1b   Thumb Code     0  fpinit.o(x$fpl$fpinit)
    __fpl_fretinf                            0x08003c1d   Thumb Code    10  fretinf.o(x$fpl$fretinf)
    __I$use$fp                               0x08003c26   Number         0  usenofp.o(x$fpl$usenofp)
    AHBPrescTable                            0x08003c48   Data          16  system_stm32f4xx.o(.rodata.AHBPrescTable)
    APBPrescTable                            0x08003c58   Data           8  system_stm32f4xx.o(.rodata.APBPrescTable)
    Region$$Table$$Base                      0x08003c60   Number         0  anon$$obj.o(Region$$Table)
    Region$$Table$$Limit                     0x08003c80   Number         0  anon$$obj.o(Region$$Table)
    SystemCoreClock                          0x20000000   Data           4  system_stm32f4xx.o(.data.SystemCoreClock)
    uwTickFreq                               0x20000004   Data           1  stm32f4xx_hal.o(.data.uwTickFreq)
    uwTickPrio                               0x20000008   Data           4  stm32f4xx_hal.o(.data.uwTickPrio)
    __libspace_start                         0x20000010   Data          96  libspace.o(.bss)
    Suck_Flag                                0x20000070   Data           1  main.o(.bss.Suck_Flag)
    __temporary_stack_top$libspace           0x20000070   Data           0  libspace.o(.bss)
    coord                                    0x20000074   Data          12  main.o(.bss.coord)
    hdma_usart1_rx                           0x200000d0   Data          96  usart.o(.bss.hdma_usart1_rx)
    htim5                                    0x20000130   Data          72  tim.o(.bss.htim5)
    htim6                                    0x20000178   Data          72  stm32f4xx_hal_timebase_tim.o(.bss.htim6)
    huart1                                   0x200001c0   Data          72  usart.o(.bss.huart1)
    receive_data                             0x2000020c   Data         100  usart.o(.bss.receive_data)
    theta                                    0x20000270   Data          12  main.o(.bss.theta)
    uartinstance                             0x2000027c   Data          64  main.o(.bss.uartinstance)
    usart1_rx_buffer                         0x200002bc   Data         100  usart.o(.bss.usart1_rx_buffer)
    usart1_rx_flag                           0x20000320   Data           1  usart.o(.bss.usart1_rx_flag)
    usart1_rx_len                            0x20000322   Data           2  usart.o(.bss.usart1_rx_len)
    uwTick                                   0x20000330   Data           4  stm32f4xx_hal.o(.bss.uwTick)



==============================================================================

Memory Map of the image

  Image Entry point : 0x08000189

  Load Region LR_IROM1 (Base: 0x08000000, Size: 0x00003c90, Max: 0x00080000, ABSOLUTE)

    Execution Region ER_IROM1 (Exec base: 0x08000000, Load base: 0x08000000, Size: 0x00003c80, Max: 0x00080000, ABSOLUTE)

    Exec Addr    Load Addr    Size         Type   Attr      Idx    E Section Name        Object

    0x08000000   0x08000000   0x00000188   Data   RO            3    RESET               startup_stm32f407xx.o
    0x08000188   0x08000188   0x00000008   Code   RO         1240  * !!!main             c_w.l(__main.o)
    0x08000190   0x08000190   0x00000034   Code   RO         1522    !!!scatter          c_w.l(__scatter.o)
    0x080001c4   0x080001c4   0x0000001a   Code   RO         1524    !!handler_copy      c_w.l(__scatter_copy.o)
    0x080001de   0x080001de   0x00000002   PAD
    0x080001e0   0x080001e0   0x0000001c   Code   RO         1526    !!handler_zi        c_w.l(__scatter_zi.o)
    0x080001fc   0x080001fc   0x00000002   Code   RO         1389    .ARM.Collect$$libinit$$00000000  c_w.l(libinit.o)
    0x080001fe   0x080001fe   0x00000004   Code   RO         1398    .ARM.Collect$$libinit$$00000001  c_w.l(libinit2.o)
    0x08000202   0x08000202   0x00000000   Code   RO         1401    .ARM.Collect$$libinit$$00000004  c_w.l(libinit2.o)
    0x08000202   0x08000202   0x00000000   Code   RO         1404    .ARM.Collect$$libinit$$0000000A  c_w.l(libinit2.o)
    0x08000202   0x08000202   0x00000000   Code   RO         1406    .ARM.Collect$$libinit$$0000000C  c_w.l(libinit2.o)
    0x08000202   0x08000202   0x00000000   Code   RO         1408    .ARM.Collect$$libinit$$0000000E  c_w.l(libinit2.o)
    0x08000202   0x08000202   0x00000000   Code   RO         1411    .ARM.Collect$$libinit$$00000011  c_w.l(libinit2.o)
    0x08000202   0x08000202   0x00000000   Code   RO         1413    .ARM.Collect$$libinit$$00000013  c_w.l(libinit2.o)
    0x08000202   0x08000202   0x00000000   Code   RO         1415    .ARM.Collect$$libinit$$00000015  c_w.l(libinit2.o)
    0x08000202   0x08000202   0x00000000   Code   RO         1417    .ARM.Collect$$libinit$$00000017  c_w.l(libinit2.o)
    0x08000202   0x08000202   0x00000000   Code   RO         1419    .ARM.Collect$$libinit$$00000019  c_w.l(libinit2.o)
    0x08000202   0x08000202   0x00000000   Code   RO         1421    .ARM.Collect$$libinit$$0000001B  c_w.l(libinit2.o)
    0x08000202   0x08000202   0x00000000   Code   RO         1423    .ARM.Collect$$libinit$$0000001D  c_w.l(libinit2.o)
    0x08000202   0x08000202   0x00000000   Code   RO         1425    .ARM.Collect$$libinit$$0000001F  c_w.l(libinit2.o)
    0x08000202   0x08000202   0x00000000   Code   RO         1427    .ARM.Collect$$libinit$$00000021  c_w.l(libinit2.o)
    0x08000202   0x08000202   0x00000000   Code   RO         1429    .ARM.Collect$$libinit$$00000023  c_w.l(libinit2.o)
    0x08000202   0x08000202   0x00000000   Code   RO         1431    .ARM.Collect$$libinit$$00000025  c_w.l(libinit2.o)
    0x08000202   0x08000202   0x00000000   Code   RO         1435    .ARM.Collect$$libinit$$0000002C  c_w.l(libinit2.o)
    0x08000202   0x08000202   0x00000000   Code   RO         1437    .ARM.Collect$$libinit$$0000002E  c_w.l(libinit2.o)
    0x08000202   0x08000202   0x00000000   Code   RO         1439    .ARM.Collect$$libinit$$00000030  c_w.l(libinit2.o)
    0x08000202   0x08000202   0x00000000   Code   RO         1441    .ARM.Collect$$libinit$$00000032  c_w.l(libinit2.o)
    0x08000202   0x08000202   0x00000002   Code   RO         1442    .ARM.Collect$$libinit$$00000033  c_w.l(libinit2.o)
    0x08000204   0x08000204   0x00000002   Code   RO         1477    .ARM.Collect$$libshutdown$$00000000  c_w.l(libshutdown.o)
    0x08000206   0x08000206   0x00000000   Code   RO         1505    .ARM.Collect$$libshutdown$$00000002  c_w.l(libshutdown2.o)
    0x08000206   0x08000206   0x00000000   Code   RO         1507    .ARM.Collect$$libshutdown$$00000004  c_w.l(libshutdown2.o)
    0x08000206   0x08000206   0x00000000   Code   RO         1510    .ARM.Collect$$libshutdown$$00000007  c_w.l(libshutdown2.o)
    0x08000206   0x08000206   0x00000000   Code   RO         1513    .ARM.Collect$$libshutdown$$0000000A  c_w.l(libshutdown2.o)
    0x08000206   0x08000206   0x00000000   Code   RO         1515    .ARM.Collect$$libshutdown$$0000000C  c_w.l(libshutdown2.o)
    0x08000206   0x08000206   0x00000000   Code   RO         1518    .ARM.Collect$$libshutdown$$0000000F  c_w.l(libshutdown2.o)
    0x08000206   0x08000206   0x00000002   Code   RO         1519    .ARM.Collect$$libshutdown$$00000010  c_w.l(libshutdown2.o)
    0x08000208   0x08000208   0x00000000   Code   RO         1316    .ARM.Collect$$rtentry$$00000000  c_w.l(__rtentry.o)
    0x08000208   0x08000208   0x00000000   Code   RO         1352    .ARM.Collect$$rtentry$$00000002  c_w.l(__rtentry2.o)
    0x08000208   0x08000208   0x00000006   Code   RO         1364    .ARM.Collect$$rtentry$$00000004  c_w.l(__rtentry4.o)
    0x0800020e   0x0800020e   0x00000000   Code   RO         1354    .ARM.Collect$$rtentry$$00000009  c_w.l(__rtentry2.o)
    0x0800020e   0x0800020e   0x00000004   Code   RO         1355    .ARM.Collect$$rtentry$$0000000A  c_w.l(__rtentry2.o)
    0x08000212   0x08000212   0x00000000   Code   RO         1357    .ARM.Collect$$rtentry$$0000000C  c_w.l(__rtentry2.o)
    0x08000212   0x08000212   0x00000008   Code   RO         1358    .ARM.Collect$$rtentry$$0000000D  c_w.l(__rtentry2.o)
    0x0800021a   0x0800021a   0x00000002   Code   RO         1390    .ARM.Collect$$rtexit$$00000000  c_w.l(rtexit.o)
    0x0800021c   0x0800021c   0x00000000   Code   RO         1448    .ARM.Collect$$rtexit$$00000002  c_w.l(rtexit2.o)
    0x0800021c   0x0800021c   0x00000004   Code   RO         1449    .ARM.Collect$$rtexit$$00000003  c_w.l(rtexit2.o)
    0x08000220   0x08000220   0x00000006   Code   RO         1450    .ARM.Collect$$rtexit$$00000004  c_w.l(rtexit2.o)
    0x08000226   0x08000226   0x00000002   PAD
    0x08000228   0x08000228   0x00000040   Code   RO            4    .text               startup_stm32f407xx.o
    0x08000268   0x08000268   0x000000ee   Code   RO         1232    .text               c_w.l(lludivv7m.o)
    0x08000356   0x08000356   0x00000064   Code   RO         1234    .text               c_w.l(rt_memcpy_w.o)
    0x080003ba   0x080003ba   0x0000004e   Code   RO         1236    .text               c_w.l(rt_memclr_w.o)
    0x08000408   0x08000408   0x00000006   Code   RO         1238    .text               c_w.l(heapauxi.o)
    0x0800040e   0x0800040e   0x00000016   Code   RO         1321    .text               c_w.l(_rserrno.o)
    0x08000424   0x08000424   0x00000008   Code   RO         1371    .text               c_w.l(rt_errno_addr_intlibspace.o)
    0x0800042c   0x0800042c   0x00000008   Code   RO         1373    .text               c_w.l(libspace.o)
    0x08000434   0x08000434   0x0000004a   Code   RO         1376    .text               c_w.l(sys_stackheap_outer.o)
    0x0800047e   0x0800047e   0x00000012   Code   RO         1378    .text               c_w.l(exit.o)
    0x08000490   0x08000490   0x0000000c   Code   RO         1443    .text               c_w.l(sys_exit.o)
    0x0800049c   0x0800049c   0x00000002   Code   RO         1466    .text               c_w.l(use_no_semi.o)
    0x0800049e   0x0800049e   0x00000000   Code   RO         1468    .text               c_w.l(indicate_semi.o)
    0x0800049e   0x0800049e   0x00000002   PAD
    0x080004a0   0x080004a0   0x00000002   Code   RO          116    .text.BusFault_Handler  stm32f4xx_it.o
    0x080004a2   0x080004a2   0x00000002   PAD
    0x080004a4   0x080004a4   0x0000000c   Code   RO          132    .text.DMA2_Stream2_IRQHandler  stm32f4xx_it.o
    0x080004b0   0x080004b0   0x00000040   Code   RO          729    .text.DMA_CalcBaseAndBitshift  stm32f4xx_hal_dma.o
    0x080004f0   0x080004f0   0x00000052   Code   RO          727    .text.DMA_CheckFifoParam  stm32f4xx_hal_dma.o
    0x08000542   0x08000542   0x00000002   PAD
    0x08000544   0x08000544   0x00000036   Code   RO          735    .text.DMA_SetConfig  stm32f4xx_hal_dma.o
    0x0800057a   0x0800057a   0x00000002   PAD
    0x0800057c   0x0800057c   0x00000002   Code   RO          122    .text.DebugMon_Handler  stm32f4xx_it.o
    0x0800057e   0x0800057e   0x00000002   PAD
    0x08000580   0x08000580   0x00000006   Code   RO           19    .text.Error_Handler  main.o
    0x08000586   0x08000586   0x00000002   PAD
    0x08000588   0x08000588   0x00000088   Code   RO          739    .text.HAL_DMA_Abort  stm32f4xx_hal_dma.o
    0x08000610   0x08000610   0x00000028   Code   RO          741    .text.HAL_DMA_Abort_IT  stm32f4xx_hal_dma.o
    0x08000638   0x08000638   0x000001c6   Code   RO          745    .text.HAL_DMA_IRQHandler  stm32f4xx_hal_dma.o
    0x080007fe   0x080007fe   0x00000002   PAD
    0x08000800   0x08000800   0x000000e4   Code   RO          725    .text.HAL_DMA_Init  stm32f4xx_hal_dma.o
    0x080008e4   0x080008e4   0x0000006e   Code   RO          737    .text.HAL_DMA_Start_IT  stm32f4xx_hal_dma.o
    0x08000952   0x08000952   0x00000002   PAD
    0x08000954   0x08000954   0x0000002c   Code   RO          935    .text.HAL_Delay     stm32f4xx_hal.o
    0x08000980   0x08000980   0x000001bc   Code   RO          679    .text.HAL_GPIO_Init  stm32f4xx_hal_gpio.o
    0x08000b3c   0x08000b3c   0x0000000c   Code   RO          927    .text.HAL_GetTick   stm32f4xx_hal.o
    0x08000b48   0x08000b48   0x0000001a   Code   RO          925    .text.HAL_IncTick   stm32f4xx_hal.o
    0x08000b62   0x08000b62   0x00000002   PAD
    0x08000b64   0x08000b64   0x00000036   Code   RO          915    .text.HAL_Init      stm32f4xx_hal.o
    0x08000b9a   0x08000b9a   0x00000002   PAD
    0x08000b9c   0x08000b9c   0x000000b2   Code   RO          158    .text.HAL_InitTick  stm32f4xx_hal_timebase_tim.o
    0x08000c4e   0x08000c4e   0x00000002   PAD
    0x08000c50   0x08000c50   0x00000038   Code   RO          145    .text.HAL_MspInit   stm32f4xx_hal_msp.o
    0x08000c88   0x08000c88   0x00000004   Code   RO          846    .text.HAL_NVIC_EnableIRQ  stm32f4xx_hal_cortex.o
    0x08000c8c   0x08000c8c   0x00000020   Code   RO          838    .text.HAL_NVIC_SetPriority  stm32f4xx_hal_cortex.o
    0x08000cac   0x08000cac   0x00000004   Code   RO          834    .text.HAL_NVIC_SetPriorityGrouping  stm32f4xx_hal_cortex.o
    0x08000cb0   0x08000cb0   0x0000016c   Code   RO          524    .text.HAL_RCC_ClockConfig  stm32f4xx_hal_rcc.o
    0x08000e1c   0x08000e1c   0x0000003e   Code   RO          542    .text.HAL_RCC_GetClockConfig  stm32f4xx_hal_rcc.o
    0x08000e5a   0x08000e5a   0x00000002   PAD
    0x08000e5c   0x08000e5c   0x0000000c   Code   RO          534    .text.HAL_RCC_GetHCLKFreq  stm32f4xx_hal_rcc.o
    0x08000e68   0x08000e68   0x00000022   Code   RO          536    .text.HAL_RCC_GetPCLK1Freq  stm32f4xx_hal_rcc.o
    0x08000e8a   0x08000e8a   0x00000002   PAD
    0x08000e8c   0x08000e8c   0x00000022   Code   RO          538    .text.HAL_RCC_GetPCLK2Freq  stm32f4xx_hal_rcc.o
    0x08000eae   0x08000eae   0x00000002   PAD
    0x08000eb0   0x08000eb0   0x00000070   Code   RO          526    .text.HAL_RCC_GetSysClockFreq  stm32f4xx_hal_rcc.o
    0x08000f20   0x08000f20   0x000003be   Code   RO          522    .text.HAL_RCC_OscConfig  stm32f4xx_hal_rcc.o
    0x080012de   0x080012de   0x00000002   PAD
    0x080012e0   0x080012e0   0x00000002   Code   RO          503    .text.HAL_TIMEx_BreakCallback  stm32f4xx_hal_tim_ex.o
    0x080012e2   0x080012e2   0x00000002   PAD
    0x080012e4   0x080012e4   0x00000002   Code   RO          499    .text.HAL_TIMEx_CommutCallback  stm32f4xx_hal_tim_ex.o
    0x080012e6   0x080012e6   0x00000002   PAD
    0x080012e8   0x080012e8   0x000000be   Code   RO          493    .text.HAL_TIMEx_MasterConfigSynchronization  stm32f4xx_hal_tim_ex.o
    0x080013a6   0x080013a6   0x00000002   PAD
    0x080013a8   0x080013a8   0x0000005a   Code   RO          176    .text.HAL_TIM_Base_Init  stm32f4xx_hal_tim.o
    0x08001402   0x08001402   0x00000002   PAD
    0x08001404   0x08001404   0x00000002   Code   RO          178    .text.HAL_TIM_Base_MspInit  stm32f4xx_hal_tim.o
    0x08001406   0x08001406   0x00000002   PAD
    0x08001408   0x08001408   0x000000b8   Code   RO          190    .text.HAL_TIM_Base_Start_IT  stm32f4xx_hal_tim.o
    0x080014c0   0x080014c0   0x00000002   Code   RO          312    .text.HAL_TIM_IC_CaptureCallback  stm32f4xx_hal_tim.o
    0x080014c2   0x080014c2   0x00000002   PAD
    0x080014c4   0x080014c4   0x00000122   Code   RO          310    .text.HAL_TIM_IRQHandler  stm32f4xx_hal_tim.o
    0x080015e6   0x080015e6   0x00000002   PAD
    0x080015e8   0x080015e8   0x0000005a   Code   RO           67    .text.HAL_TIM_MspPostInit  tim.o
    0x08001642   0x08001642   0x00000002   PAD
    0x08001644   0x08001644   0x00000002   Code   RO          314    .text.HAL_TIM_OC_DelayElapsedCallback  stm32f4xx_hal_tim.o
    0x08001646   0x08001646   0x00000002   PAD
    0x08001648   0x08001648   0x000000cc   Code   RO          342    .text.HAL_TIM_PWM_ConfigChannel  stm32f4xx_hal_tim.o
    0x08001714   0x08001714   0x0000005a   Code   RO          230    .text.HAL_TIM_PWM_Init  stm32f4xx_hal_tim.o
    0x0800176e   0x0800176e   0x00000002   PAD
    0x08001770   0x08001770   0x00000036   Code   RO           69    .text.HAL_TIM_PWM_MspInit  tim.o
    0x080017a6   0x080017a6   0x00000002   PAD
    0x080017a8   0x080017a8   0x00000002   Code   RO          316    .text.HAL_TIM_PWM_PulseFinishedCallback  stm32f4xx_hal_tim.o
    0x080017aa   0x080017aa   0x00000002   PAD
    0x080017ac   0x080017ac   0x00000104   Code   RO          238    .text.HAL_TIM_PWM_Start  stm32f4xx_hal_tim.o
    0x080018b0   0x080018b0   0x00000014   Code   RO           21    .text.HAL_TIM_PeriodElapsedCallback  main.o
    0x080018c4   0x080018c4   0x00000002   Code   RO          320    .text.HAL_TIM_TriggerCallback  stm32f4xx_hal_tim.o
    0x080018c6   0x080018c6   0x00000002   PAD
    0x080018c8   0x080018c8   0x0000005c   Code   RO         1066    .text.HAL_UARTEx_ReceiveToIdle_DMA  stm32f4xx_hal_uart.o
    0x08001924   0x08001924   0x0000006e   Code   RO         1214    .text.HAL_UARTEx_RxEventCallback  bsp_usart.o
    0x08001992   0x08001992   0x00000002   PAD
    0x08001994   0x08001994   0x00000078   Code   RO         1056    .text.HAL_UART_DMAStop  stm32f4xx_hal_uart.o
    0x08001a0c   0x08001a0c   0x00000050   Code   RO         1216    .text.HAL_UART_ErrorCallback  bsp_usart.o
    0x08001a5c   0x08001a5c   0x00000284   Code   RO         1096    .text.HAL_UART_IRQHandler  stm32f4xx_hal_uart.o
    0x08001ce0   0x08001ce0   0x00000064   Code   RO         1012    .text.HAL_UART_Init  stm32f4xx_hal_uart.o
    0x08001d44   0x08001d44   0x000000cc   Code   RO           87    .text.HAL_UART_MspInit  usart.o
    0x08001e10   0x08001e10   0x0000007a   Code   RO           91    .text.HAL_UART_ReceiveIdle  usart.o
    0x08001e8a   0x08001e8a   0x00000002   PAD
    0x08001e8c   0x08001e8c   0x00000020   Code   RO         1048    .text.HAL_UART_Receive_DMA  stm32f4xx_hal_uart.o
    0x08001eac   0x08001eac   0x00000002   Code   RO         1114    .text.HAL_UART_RxCpltCallback  stm32f4xx_hal_uart.o
    0x08001eae   0x08001eae   0x00000002   PAD
    0x08001eb0   0x08001eb0   0x00000002   Code   RO         1116    .text.HAL_UART_RxHalfCpltCallback  stm32f4xx_hal_uart.o
    0x08001eb2   0x08001eb2   0x00000002   PAD
    0x08001eb4   0x08001eb4   0x00000002   Code   RO         1110    .text.HAL_UART_TxCpltCallback  stm32f4xx_hal_uart.o
    0x08001eb6   0x08001eb6   0x00000002   PAD
    0x08001eb8   0x08001eb8   0x00000002   Code   RO          112    .text.HardFault_Handler  stm32f4xx_it.o
    0x08001eba   0x08001eba   0x00000002   PAD
    0x08001ebc   0x08001ebc   0x00000038   Code   RO           52    .text.MX_DMA_Init   dma.o
    0x08001ef4   0x08001ef4   0x00000024   Code   RO           39    .text.MX_GPIO_Init  gpio.o
    0x08001f18   0x08001f18   0x000000e6   Code   RO           65    .text.MX_TIM5_Init  tim.o
    0x08001ffe   0x08001ffe   0x00000002   PAD
    0x08002000   0x08002000   0x0000003c   Code   RO           85    .text.MX_USART1_UART_Init  usart.o
    0x0800203c   0x0800203c   0x00000002   Code   RO          114    .text.MemManage_Handler  stm32f4xx_it.o
    0x0800203e   0x0800203e   0x00000002   PAD
    0x08002040   0x08002040   0x00000002   Code   RO          110    .text.NMI_Handler   stm32f4xx_it.o
    0x08002042   0x08002042   0x00000002   PAD
    0x08002044   0x08002044   0x00000036   Code   RO          844    .text.NVIC_EncodePriority  stm32f4xx_hal_cortex.o
    0x0800207a   0x0800207a   0x00000002   PAD
    0x0800207c   0x0800207c   0x00000002   Code   RO          124    .text.PendSV_Handler  stm32f4xx_it.o
    0x0800207e   0x0800207e   0x00000002   PAD
    0x08002080   0x08002080   0x00000002   Code   RO          120    .text.SVC_Handler   stm32f4xx_it.o
    0x08002082   0x08002082   0x00000002   PAD
    0x08002084   0x08002084   0x00000050   Code   RO         1167    .text.Servo_Config  servo.o
    0x080020d4   0x080020d4   0x00000018   Code   RO         1165    .text.Servo_Init    servo.o
    0x080020ec   0x080020ec   0x000000e8   Code   RO         1171    .text.Servo_SetAngle  servo.o
    0x080021d4   0x080021d4   0x00000002   Code   RO          126    .text.SysTick_Handler  stm32f4xx_it.o
    0x080021d6   0x080021d6   0x00000002   PAD
    0x080021d8   0x080021d8   0x000000a0   Code   RO           17    .text.SystemClock_Config  main.o
    0x08002278   0x08002278   0x00000012   Code   RO         1147    .text.SystemInit    system_stm32f4xx.o
    0x0800228a   0x0800228a   0x00000002   PAD
    0x0800228c   0x0800228c   0x0000000c   Code   RO          130    .text.TIM6_DAC_IRQHandler  stm32f4xx_it.o
    0x08002298   0x08002298   0x0000013c   Code   RO          180    .text.TIM_Base_SetConfig  stm32f4xx_hal_tim.o
    0x080023d4   0x080023d4   0x0000001e   Code   RO          214    .text.TIM_CCxChannelCmd  stm32f4xx_hal_tim.o
    0x080023f2   0x080023f2   0x00000002   PAD
    0x080023f4   0x080023f4   0x00000062   Code   RO          324    .text.TIM_OC1_SetConfig  stm32f4xx_hal_tim.o
    0x08002456   0x08002456   0x00000002   PAD
    0x08002458   0x08002458   0x0000006c   Code   RO          326    .text.TIM_OC2_SetConfig  stm32f4xx_hal_tim.o
    0x080024c4   0x080024c4   0x0000006a   Code   RO          328    .text.TIM_OC3_SetConfig  stm32f4xx_hal_tim.o
    0x0800252e   0x0800252e   0x00000002   PAD
    0x08002530   0x08002530   0x00000050   Code   RO          330    .text.TIM_OC4_SetConfig  stm32f4xx_hal_tim.o
    0x08002580   0x08002580   0x0000000a   Code   RO         1100    .text.UART_DMAAbortOnError  stm32f4xx_hal_uart.o
    0x0800258a   0x0800258a   0x00000002   PAD
    0x0800258c   0x0800258c   0x0000004e   Code   RO         1046    .text.UART_DMAError  stm32f4xx_hal_uart.o
    0x080025da   0x080025da   0x00000002   PAD
    0x080025dc   0x080025dc   0x00000080   Code   RO         1132    .text.UART_DMAReceiveCplt  stm32f4xx_hal_uart.o
    0x0800265c   0x0800265c   0x0000001a   Code   RO         1134    .text.UART_DMARxHalfCplt  stm32f4xx_hal_uart.o
    0x08002676   0x08002676   0x00000002   PAD
    0x08002678   0x08002678   0x00000050   Code   RO         1060    .text.UART_EndRxTransfer  stm32f4xx_hal_uart.o
    0x080026c8   0x080026c8   0x00000014   Code   RO         1108    .text.UART_EndTransmit_IT  stm32f4xx_hal_uart.o
    0x080026dc   0x080026dc   0x0000001c   Code   RO         1058    .text.UART_EndTxTransfer  stm32f4xx_hal_uart.o
    0x080026f8   0x080026f8   0x000000c6   Code   RO         1098    .text.UART_Receive_IT  stm32f4xx_hal_uart.o
    0x080027be   0x080027be   0x00000002   PAD
    0x080027c0   0x080027c0   0x000000e0   Code   RO         1016    .text.UART_SetConfig  stm32f4xx_hal_uart.o
    0x080028a0   0x080028a0   0x000000aa   Code   RO         1050    .text.UART_Start_Receive_DMA  stm32f4xx_hal_uart.o
    0x0800294a   0x0800294a   0x00000002   PAD
    0x0800294c   0x0800294c   0x0000005c   Code   RO         1106    .text.UART_Transmit_IT  stm32f4xx_hal_uart.o
    0x080029a8   0x080029a8   0x00000030   Code   RO          128    .text.USART1_IRQHandler  stm32f4xx_it.o
    0x080029d8   0x080029d8   0x00000042   Code   RO         1208    .text.USARTRegister  bsp_usart.o
    0x08002a1a   0x08002a1a   0x00000002   PAD
    0x08002a1c   0x08002a1c   0x00000020   Code   RO         1206    .text.USARTServiceInit  bsp_usart.o
    0x08002a3c   0x08002a3c   0x00000002   Code   RO          118    .text.UsageFault_Handler  stm32f4xx_it.o
    0x08002a3e   0x08002a3e   0x00000002   PAD
    0x08002a40   0x08002a40   0x00000024   Code   RO          848    .text.__NVIC_EnableIRQ  stm32f4xx_hal_cortex.o
    0x08002a64   0x08002a64   0x00000010   Code   RO          840    .text.__NVIC_GetPriorityGrouping  stm32f4xx_hal_cortex.o
    0x08002a74   0x08002a74   0x00000022   Code   RO          842    .text.__NVIC_SetPriority  stm32f4xx_hal_cortex.o
    0x08002a96   0x08002a96   0x00000002   PAD
    0x08002a98   0x08002a98   0x00000020   Code   RO          836    .text.__NVIC_SetPriorityGrouping  stm32f4xx_hal_cortex.o
    0x08002ab8   0x08002ab8   0x000001bc   Code   RO         1187    .text.acclulate     kinematic_solution.o
    0x08002c74   0x08002c74   0x00000004   Code   RO         1189    .text.fabsf         kinematic_solution.o
    0x08002c78   0x08002c78   0x000001d0   Code   RO           15    .text.main          main.o
    0x08002e48   0x08002e48   0x0000007a   Code   RO           13    .text.pack_callback  main.o
    0x08002ec2   0x08002ec2   0x00000006   PAD
    0x08002ec8   0x08002ec8   0x00000034   Code   RO         1185    .text.rad_to_deg    kinematic_solution.o
    0x08002efc   0x08002efc   0x00000026   Code   RO         1332    i.__ARM_fpclassifyf  m_wm.l(fpclassifyf.o)
    0x08002f22   0x08002f22   0x0000000e   Code   RO         1286    i.__hardfp__fabsf   m_wm.l(fabsf.o)
    0x08002f30   0x08002f30   0x00000118   Code   RO         1250    i.__hardfp_acosf    m_wm.l(acosf.o)
    0x08003048   0x08003048   0x00000250   Code   RO         1262    i.__hardfp_atan2f   m_wm.l(atan2f.o)
    0x08003298   0x08003298   0x00000150   Code   RO         1274    i.__hardfp_cosf     m_wm.l(cosf.o)
    0x080033e8   0x080033e8   0x00000190   Code   RO         1292    i.__hardfp_sinf     m_wm.l(sinf.o)
    0x08003578   0x08003578   0x0000003a   Code   RO         1304    i.__hardfp_sqrtf    m_wm.l(sqrtf.o)
    0x080035b2   0x080035b2   0x00000006   Code   RO         1335    i.__mathlib_flt_infnan  m_wm.l(funder.o)
    0x080035b8   0x080035b8   0x00000006   Code   RO         1336    i.__mathlib_flt_infnan2  m_wm.l(funder.o)
    0x080035be   0x080035be   0x00000002   PAD
    0x080035c0   0x080035c0   0x00000010   Code   RO         1337    i.__mathlib_flt_invalid  m_wm.l(funder.o)
    0x080035d0   0x080035d0   0x00000010   Code   RO         1340    i.__mathlib_flt_underflow  m_wm.l(funder.o)
    0x080035e0   0x080035e0   0x00000154   Code   RO         1348    i.__mathlib_rredf2  m_wm.l(rredf.o)
    0x08003734   0x08003734   0x0000003e   Code   RO         1306    i.sqrtf             m_wm.l(sqrtf.o)
    0x08003772   0x08003772   0x00000002   PAD
    0x08003774   0x08003774   0x00000062   Code   RO         1242    x$fpl$d2f           fz_wm.l(d2f.o)
    0x080037d6   0x080037d6   0x00000002   PAD
    0x080037d8   0x080037d8   0x000002b0   Code   RO         1245    x$fpl$ddiv          fz_wm.l(ddiv.o)
    0x08003a88   0x08003a88   0x0000009c   Code   RO         1323    x$fpl$dnaninf       fz_wm.l(dnaninf.o)
    0x08003b24   0x08003b24   0x0000000c   Code   RO         1325    x$fpl$dretinf       fz_wm.l(dretinf.o)
    0x08003b30   0x08003b30   0x00000056   Code   RO         1248    x$fpl$f2d           fz_wm.l(f2d.o)
    0x08003b86   0x08003b86   0x0000008c   Code   RO         1327    x$fpl$fnaninf       fz_wm.l(fnaninf.o)
    0x08003c12   0x08003c12   0x0000000a   Code   RO         1460    x$fpl$fpinit        fz_wm.l(fpinit.o)
    0x08003c1c   0x08003c1c   0x0000000a   Code   RO         1329    x$fpl$fretinf       fz_wm.l(fretinf.o)
    0x08003c26   0x08003c26   0x00000000   Code   RO         1331    x$fpl$usenofp       fz_wm.l(usenofp.o)
    0x08003c26   0x08003c26   0x00000002   PAD
    0x08003c28   0x08003c28   0x00000020   Data   RO         1349    .constdata          m_wm.l(rredf.o)
    0x08003c48   0x08003c48   0x00000010   Data   RO         1152    .rodata.AHBPrescTable  system_stm32f4xx.o
    0x08003c58   0x08003c58   0x00000008   Data   RO         1153    .rodata.APBPrescTable  system_stm32f4xx.o
    0x08003c60   0x08003c60   0x00000020   Data   RO         1520    Region$$Table       anon$$obj.o


    Execution Region RW_IRAM1 (Exec base: 0x20000000, Load base: 0x08003c80, Size: 0x00000938, Max: 0x0001c000, ABSOLUTE)

    Exec Addr    Load Addr    Size         Type   Attr      Idx    E Section Name        Object

    0x20000000   0x08003c80   0x00000004   Data   RW         1151    .data.SystemCoreClock  system_stm32f4xx.o
    0x20000004   0x08003c84   0x00000001   Data   RW          970    .data.uwTickFreq    stm32f4xx_hal.o
    0x20000005   0x08003c85   0x00000003   PAD
    0x20000008   0x08003c88   0x00000004   Data   RW          969    .data.uwTickPrio    stm32f4xx_hal.o
    0x2000000c   0x08003c8c   0x00000004   PAD
    0x20000010        -       0x00000060   Zero   RW         1374    .bss                c_w.l(libspace.o)
    0x20000070        -       0x00000001   Zero   RW           23    .bss.Suck_Flag      main.o
    0x20000071   0x08003c8c   0x00000003   PAD
    0x20000074        -       0x0000000c   Zero   RW           25    .bss.coord          main.o
    0x20000080        -       0x00000050   Zero   RW         1173    .bss.gServoConfig   servo.o
    0x200000d0        -       0x00000060   Zero   RW           94    .bss.hdma_usart1_rx  usart.o
    0x20000130        -       0x00000048   Zero   RW           73    .bss.htim5          tim.o
    0x20000178        -       0x00000048   Zero   RW          164    .bss.htim6          stm32f4xx_hal_timebase_tim.o
    0x200001c0        -       0x00000048   Zero   RW           93    .bss.huart1         usart.o
    0x20000208        -       0x00000001   Zero   RW         1219    .bss.idx            bsp_usart.o
    0x20000209   0x08003c8c   0x00000003   PAD
    0x2000020c        -       0x00000064   Zero   RW           96    .bss.receive_data   usart.o
    0x20000270        -       0x0000000c   Zero   RW           26    .bss.theta          main.o
    0x2000027c        -       0x00000040   Zero   RW           24    .bss.uartinstance   main.o
    0x200002bc        -       0x00000064   Zero   RW           97    .bss.usart1_rx_buffer  usart.o
    0x20000320        -       0x00000001   Zero   RW           98    .bss.usart1_rx_flag  usart.o
    0x20000321   0x08003c8c   0x00000001   PAD
    0x20000322        -       0x00000002   Zero   RW           95    .bss.usart1_rx_len  usart.o
    0x20000324        -       0x0000000c   Zero   RW         1218    .bss.usart_instance  bsp_usart.o
    0x20000330        -       0x00000004   Zero   RW          971    .bss.uwTick         stm32f4xx_hal.o
    0x20000334   0x08003c8c   0x00000004   PAD
    0x20000338        -       0x00000200   Zero   RW            2    HEAP                startup_stm32f407xx.o
    0x20000538        -       0x00000400   Zero   RW            1    STACK               startup_stm32f407xx.o


    Execution Region RW_IRAM2 (Exec base: 0x2001c000, Load base: 0x08003c90, Size: 0x00000000, Max: 0x00004000, ABSOLUTE)

    **** No section assigned to this execution region ****


==============================================================================

Image component sizes


      Code (inc. data)   RO Data    RW Data    ZI Data      Debug   Object Name

       288          0          0          0         13       5818   bsp_usart.o
        56          0          0          0          0       3338   dma.o
        36          0          0          0          0       1497   gpio.o
       500         36          0          0          0       2010   kinematic_solution.o
       772         16          0          0         89       9609   main.o
       336          8          0          0         80       5906   servo.o
        64         26        392          0       1536        824   startup_stm32f407xx.o
       136          0          0          5          4       7952   stm32f4xx_hal.o
       212          0          0          0          0      11040   stm32f4xx_hal_cortex.o
      1168         12          0          0          0       8658   stm32f4xx_hal_dma.o
       444          0          0          0          0       5438   stm32f4xx_hal_gpio.o
        56          0          0          0          0       1579   stm32f4xx_hal_msp.o
      1576          0          0          0          0       7755   stm32f4xx_hal_rcc.o
      1866          4          0          0          0      41743   stm32f4xx_hal_tim.o
       194          0          0          0          0      18102   stm32f4xx_hal_tim_ex.o
       178          0          0          0         72       7697   stm32f4xx_hal_timebase_tim.o
      2048          0          0          0          0      23469   stm32f4xx_hal_uart.o
        90          0          0          0          0       1894   stm32f4xx_it.o
        18          0         24          4          0       2680   system_stm32f4xx.o
       374          0          0          0         72       6571   tim.o
       386          0          0          0        371       8050   usart.o

    ----------------------------------------------------------------------
     10908        102        448         12       2252     181630   Object Totals
         0          0         32          0          0          0   (incl. Generated)
       110          0          0          3         15          0   (incl. Padding)

    ----------------------------------------------------------------------

      Code (inc. data)   RO Data    RW Data    ZI Data      Debug   Library Member Name

         8          0          0          0          0         68   __main.o
         0          0          0          0          0          0   __rtentry.o
        12          0          0          0          0          0   __rtentry2.o
         6          0          0          0          0          0   __rtentry4.o
        52          8          0          0          0          0   __scatter.o
        26          0          0          0          0          0   __scatter_copy.o
        28          0          0          0          0          0   __scatter_zi.o
        22          0          0          0          0        100   _rserrno.o
        18          0          0          0          0         80   exit.o
         6          0          0          0          0        152   heapauxi.o
         0          0          0          0          0          0   indicate_semi.o
         2          0          0          0          0          0   libinit.o
         6          0          0          0          0          0   libinit2.o
         2          0          0          0          0          0   libshutdown.o
         2          0          0          0          0          0   libshutdown2.o
         8          4          0          0         96         68   libspace.o
       238          0          0          0          0        100   lludivv7m.o
         8          4          0          0          0         68   rt_errno_addr_intlibspace.o
        78          0          0          0          0         80   rt_memclr_w.o
       100          0          0          0          0         80   rt_memcpy_w.o
         2          0          0          0          0          0   rtexit.o
        10          0          0          0          0          0   rtexit2.o
        12          4          0          0          0         68   sys_exit.o
        74          0          0          0          0         80   sys_stackheap_outer.o
         2          0          0          0          0         68   use_no_semi.o
        98          4          0          0          0        140   d2f.o
       688        140          0          0          0        264   ddiv.o
       156          4          0          0          0        140   dnaninf.o
        12          0          0          0          0        116   dretinf.o
        86          4          0          0          0        132   f2d.o
       140          4          0          0          0        132   fnaninf.o
        10          0          0          0          0        116   fpinit.o
        10          0          0          0          0        116   fretinf.o
         0          0          0          0          0          0   usenofp.o
       280         46          0          0          0        176   acosf.o
       592         90          0          0          0        184   atan2f.o
       336         56          0          0          0        136   cosf.o
        14          0          0          0          0        116   fabsf.o
        38          0          0          0          0        116   fpclassifyf.o
        44         12          0          0          0        464   funder.o
       340         24         32          0          0        160   rredf.o
       400         56          0          0          0        212   sinf.o
       120          0          0          0          0        272   sqrtf.o

    ----------------------------------------------------------------------
      4100        460         32          0         96       4004   Library Totals
        14          0          0          0          0          0   (incl. Padding)

    ----------------------------------------------------------------------

      Code (inc. data)   RO Data    RW Data    ZI Data      Debug   Library Name

       722         20          0          0         96       1012   c_w.l
      1200        156          0          0          0       1156   fz_wm.l
      2164        284         32          0          0       1836   m_wm.l

    ----------------------------------------------------------------------
      4100        460         32          0         96       4004   Library Totals

    ----------------------------------------------------------------------

==============================================================================


      Code (inc. data)   RO Data    RW Data    ZI Data      Debug   

     15008        562        480         12       2348     183014   Grand Totals
     15008        562        480         12       2348     183014   ELF Image Totals
     15008        562        480         12          0          0   ROM Totals

==============================================================================

    Total RO  Size (Code + RO Data)                15488 (  15.13kB)
    Total RW  Size (RW Data + ZI Data)              2360 (   2.30kB)
    Total ROM Size (Code + RO Data + RW Data)      15500 (  15.14kB)

==============================================================================

